Csky GNU Linker

======================================================================

Section Cross References

	wm_system.c.obj(.text.wm_start_task) refers to main.c.obj(.text.startup.main) for main
	cht8305c.c.obj(.text.cht8305c_init) refers to bps_i2c.c.obj(.text.bsp_i2c_bus_init) for bsp_i2c_bus_init
	cht8305c.c.obj(.text.cht8305c_read_raw) refers to bps_i2c.c.obj(.text.bsp_i2c_read) for bsp_i2c_read
	cht8305c.c.obj(.text.cht8305c_read_raw) refers to bps_i2c.c.obj(.text.bsp_i2c_write) for bsp_i2c_write
	main.c.obj(.text.startup.main) refers to cht8305c.c.obj(.text.cht8305c_init) for cht8305c_init
	cht8305c.c.obj(.text.cht8305c_read) refers to cht8305c.c.obj(.text.cht8305c_read_raw) for cht8305c_read_raw
	main.c.obj(.text.startup.main) refers to cht8305c.c.obj(.text.cht8305c_read) for cht8305c_read
	wm_hal_rng.c.obj(.text.wm_hal_rng_init) refers to cpu_init.c.obj(.text.mdelay) for mdelay
	wm_drv_ops_i2c_soft.c.obj(.text.i2c_soft_set_sda.isra.3) refers to cpu_init.c.obj(.text.udelay) for udelay
	startup.S.obj(.text) refers to cpu_init.c.obj(.text.cpu_init) for cpu_init
	wm_soc_init.c.obj(.text.soc_init) refers to libc_port.c.obj(.text.cxx_system_init) for cxx_system_init
	tx_lo_cal.c.obj(.text.LO_leakage_func_method) refers to libc_port.c.obj(.text.printf) for printf
	port.c.obj(.text.vApplicationStackOverflowHook) refers to libc_port.c.obj(.text.printf) for printf
	wm_hal_irq.c.obj(.text.wm_hal_irq_unexpected_handler) refers to libc_port.c.obj(.text.wm_printf_direct) for wm_printf_direct
	wm_hal_irq.c.obj(.text.wm_hal_irq_attach_sw_vector) refers to libc_port.c.obj(.text.wm_printf_direct) for wm_printf_direct
	wm_hal_irq.c.obj(.text.wm_hal_irq_detach_sw_vector) refers to libc_port.c.obj(.text.wm_printf_direct) for wm_printf_direct
	wm_hal_irq.c.obj(.text.wm_hal_irq_attach_hw_vector) refers to libc_port.c.obj(.text.wm_printf_direct) for wm_printf_direct
	libc_port.c.obj(.text.__assert_fail) refers to libc_port.c.obj(.text.wm_printf_direct) for wm_printf_direct
	trap_c.c.obj(.text.trap_c) refers to libc_port.c.obj(.text.wm_printf_direct) for wm_printf_direct
	wm_hal_irq.c.obj(.text.wm_hal_irq_release_critical) refers to libc_port.c.obj(.text.__assert_fail) for __assert_fail
	wm_hal_dma.c.obj(.text.wm_hal_dma_register_callback) refers to libc_port.c.obj(.text.__assert_fail) for __assert_fail
	wm_hal_dma.c.obj(.text.wm_hal_dma_unregister_callback) refers to libc_port.c.obj(.text.__assert_fail) for __assert_fail
	wm_hal_dma.c.obj(.text.wm_hal_dma_config) refers to libc_port.c.obj(.text.__assert_fail) for __assert_fail
	wm_hal_dma.c.obj(.text.wm_hal_dma_config_partial) refers to libc_port.c.obj(.text.__assert_fail) for __assert_fail
	wm_hal_dma.c.obj(.text.wm_hal_dma_start) refers to libc_port.c.obj(.text.__assert_fail) for __assert_fail
	wm_hal_dma.c.obj(.text.wm_hal_dma_stop) refers to libc_port.c.obj(.text.__assert_fail) for __assert_fail
	wm_hal_dma.c.obj(.text.wm_hal_dma_ch_isr_entry) refers to libc_port.c.obj(.text.__assert_fail) for __assert_fail
	wm_hal_dma.c.obj(.text.wm_hal_dma_isr_entry) refers to libc_port.c.obj(.text.__assert_fail) for __assert_fail
	wm_hal_dma.c.obj(.text.wm_hal_dma_get_status) refers to libc_port.c.obj(.text.__assert_fail) for __assert_fail
	wm_hal_dma.c.obj(.text.wm_hal_dma_request_ch) refers to libc_port.c.obj(.text.__assert_fail) for __assert_fail
	wm_hal_dma.c.obj(.text.wm_hal_dma_release_ch) refers to libc_port.c.obj(.text.__assert_fail) for __assert_fail
	wm_hal_dma.c.obj(.text.wm_hal_dma_clr_req) refers to libc_port.c.obj(.text.__assert_fail) for __assert_fail
	wm_heap.c.obj(.text.wm_heap_caps_alloc_tracing) refers to libc_port.c.obj(.text.__assert_fail) for __assert_fail
	wm_heap.c.obj(.text.wm_heap_caps_free) refers to libc_port.c.obj(.text.__assert_fail) for __assert_fail
	wm_hal_pmu.c.obj(.text.wm_hal_pmu_irq_handle) refers to libc_port.c.obj(.text.__assert_fail) for __assert_fail
	queue.c.obj(.text.xQueueGenericReset) refers to libc_port.c.obj(.text.__assert_fail) for __assert_fail
	queue.c.obj(.text.xQueueGenericCreateStatic) refers to libc_port.c.obj(.text.__assert_fail) for __assert_fail
	queue.c.obj(.text.xQueueGenericCreate) refers to libc_port.c.obj(.text.__assert_fail) for __assert_fail
	queue.c.obj(.text.xQueueCreateCountingSemaphore) refers to libc_port.c.obj(.text.__assert_fail) for __assert_fail
	queue.c.obj(.text.xQueueGenericSend) refers to libc_port.c.obj(.text.__assert_fail) for __assert_fail
	queue.c.obj(.text.xQueueGiveMutexRecursive) refers to libc_port.c.obj(.text.__assert_fail) for __assert_fail
	queue.c.obj(.text.xQueueGenericSendFromISR) refers to libc_port.c.obj(.text.__assert_fail) for __assert_fail
	queue.c.obj(.text.xQueueGiveFromISR) refers to libc_port.c.obj(.text.__assert_fail) for __assert_fail
	queue.c.obj(.text.xQueueReceive) refers to libc_port.c.obj(.text.__assert_fail) for __assert_fail
	queue.c.obj(.text.xQueueSemaphoreTake) refers to libc_port.c.obj(.text.__assert_fail) for __assert_fail
[...]
	__dtostr                           0x08011c10      F     1058  .text
	__isnan                            0x08012034      F       42  .text
	__GI_strerror                      0x08012060      F       18  .text
	strerror                           0x08012060      F       18  .text
	__isinf                            0x0801207c      F       42  .text
	__ltdf2                            0x080120a8      F       56  .text
	main                               0x080120e0      F      126  .text
	bsp_i2c_bus_init                   0x0801217c      F       92  .text
	bsp_i2c_read                       0x080121e0      F       76  .text
	bsp_i2c_write                      0x0801222c      F       68  .text
	cht8305c_init                      0x08012270      F      324  .text
	cht8305c_read_raw                  0x080123e4      F      214  .text
	cht8305c_read                      0x080124d0      F      278  .text
	irq_interrupt_entry                0x080125fc      F       80  .text
	coret_irq_handler                  0x08012650      F       48  .text
	mdelay                             0x080126dc      F       22  .text
	udelay                             0x080126f4      F       12  .text
	cpu_init                           0x08012700      F       76  .text
	cxx_system_init                    0x08012814    w F       20  .text
	vprintf                            0x08012830      F       14  .text
	printf                             0x08012840      F       38  .text
	wm_printf_direct                   0x08012868      F       38  .text
	__assert_fail                      0x08012890    w F       40  .text
	trap_c                             0x080128c4      F      230  .text
	wm_os_internal_task_create         0x08012a14      F       52  .text
	wm_os_internal_task_del            0x08012a48      F       10  .text
	wm_os_internal_task_schedule_state 0x08012a54      F        8  .text
	wm_os_internal_recursive_mutex_create0x08012a5c      F       22  .text
	wm_os_internal_recursive_mutex_delete0x08012a74      F       10  .text
	wm_os_internal_recursive_mutex_acquire0x08012a80      F       78  .text
	wm_os_internal_recursive_mutex_release0x08012ad0      F       72  .text
	wm_os_internal_mutex_create        0x08012b18      F       22  .text
	wm_os_internal_mutex_delete        0x08012b30      F       10  .text
	wm_os_internal_mutex_acquire       0x08012b3c      F       78  .text
	wm_os_internal_sem_create          0x08012b8c      F       22  .text
	wm_os_internal_sem_delete          0x08012ba4      F       10  .text
	wm_os_internal_sem_acquire         0x08012bb0      F       78  .text
	wm_os_internal_sem_reset           0x08012c00      F       20  .text
	wm_os_internal_sem_release         0x08012c14      F       78  .text
	wm_os_internal_mutex_release       0x08012c64      F        8  .text
	wm_os_internal_get_time_ms         0x08012c6c      F        8  .text
	wm_os_internal_set_critical        0x08012c74      F        8  .text
	wm_os_internal_release_critical    0x08012c7c      F        8  .text
	wm_os_internal_time_delay_ms       0x08012c84      F       18  .text
	wm_os_internal_init                0x08012c98      F       18  .text
	wm_os_internal_start_scheduler     0x08012cb0      F        8  .text
	wm_os_internal_get_isr_count       0x08012cb8      F       10  .text
	csi_kernel_intrpt_enter            0x08012cc4      F        4  .text
	csi_kernel_intrpt_exit             0x08012cc8      F       14  .text
	wm_os_internal_calloc_tracing      0x08012cd8      F       32  .text
	malloc                             0x08012cf8      F       16  .text
	free                               0x08012d0c      F        8  .text
	calloc                             0x08012d14      F       14  .text
	wm_start                           0x08012e98      F      168  .text
	wm_log_port_init                   0x08012f60      F      246  .text
	wm_soc_basic_init                  0x08013064      F      122  .text
	soc_init                           0x080130ec      F       36  .text
	rc_update_cw9_gain                 0x08013130    w F        2  .text
	rf_spi_write                       0x08013134      F       44  .text
	wm_rf_write                        0x08013134      F       44  .text
	rf_spi_read                        0x08013164      F       44  .text
	wm_rf_read                         0x08013164      F       44  .text
	delay_us                           0x08013194      F      102  .text
	tls_rf_freqerr_adjust              0x080131fc      F      252  .text
	wm_rf_band_switch                  0x08013308      F      540  .text
	wm_rf_check                        0x080138b4      F       40  .text
	prepare_IQ_data                    0x080138dc      F      104  .text
	data_acquire_once                  0x08013954      F       44  .text
	read_IQ_data                       0x08013980      F      134  .text
	rf_data_sample_fft_cal             0x08013a18      F       42  .text
	rf_data_sample_correlation_cal     0x08013a4c      F      310  .text
	LO_Leakage_correlation             0x08013ba0      F     2796  .text
	lo_pwr_cal_method                  0x0801468c      F      296  .text
	LO_leakage_fft                     0x080147bc      F      690  .text
	LO_leakage_func_method             0x08014a74      F      608  .text
	rf_loleakage_cal                   0x08014d18      F       36  .text
	fftr2_dit_new                      0x08014d40      F      194  .text
	ReverseBits                        0x08014e0c      F       28  .text
	NumberOfBitsNeeded                 0x08014e28      F       22  .text
	bit_rev                            0x08014e40      F      100  .text
	fft                                0x08014eac      F       20  .text
	wm_log_vprintf                     0x08014ec0      F       40  .text
	wm_log_printf                      0x08014ef0      F       32  .text
	wm_log_init                        0x08014f10      F        4  .text
	wm_heap_get_free_size              0x08014f58      F        6  .text
	wm_heap_caps_alloc_tracing         0x08014f64      F      376  .text
	wm_heap_caps_free                  0x08015100      F      164  .text
	wm_heap_init                       0x080151bc      F      178  .text
	wm_heap_append_to_heap             0x08015288      F       60  .text
	wm_ll_pwm_set_clkdiv               0x080152cc      F      112  .text
	wm_ll_pwm_get_clkdiv               0x0801533c      F       78  .text
	wm_ll_pwm_set_chan_cnt_en          0x0801538c      F       36  .text
	wm_ll_pwm_set_chans_cnt_en         0x080153b0      F       24  .text
	wm_ll_pwm_set_chans_map_cnt_en     0x080153c8      F       26  .text
	wm_ll_pwm_set_capture_inv_en       0x080153e4      F       24  .text
	wm_ll_pwm_get_capture_inv_en       0x080153fc      F       20  .text
	wm_ll_pwm_set_capture_en           0x08015410      F       28  .text
	wm_ll_pwm_get_capture_en           0x0801542c      F       28  .text
	wm_ll_pwm_set_cnt_type             0x08015448      F       64  .text
	wm_ll_pwm_set_twosync_mode_en      0x08015488      F       54  .text
	wm_ll_pwm_set_ch_output_state      0x080154c0      F       30  .text
	wm_ll_pwm_set_autoload_mode_en     0x080154e0      F       58  .text
	wm_ll_pwm_get_autoload_mode_en     0x0801551c      F       44  .text
	wm_ll_pwm_set_output_ploarity_inv_en0x08015548      F       58  .text
	wm_ll_pwm_get_output_ploarity_inv_en0x08015584      F       44  .text
	wm_ll_pwm_set_complement_en        0x080155b0      F       50  .text
	wm_ll_pwm_set_period               0x080155e4      F      116  .text
	wm_ll_pwm_get_period               0x08015658      F       78  .text
	wm_ll_pwm_set_period_num           0x080156a8      F      112  .text
	wm_ll_pwm_get_period_num           0x08015718      F       78  .text
	wm_ll_pwm_set_cmp_cnt              0x08015768      F      112  .text
	wm_ll_pwm_get_cmp_cnt              0x080157d8      F       78  .text
	wm_ll_pwm_get_dead_time_en         0x08015828      F       28  .text
	wm_ll_pwm_set_dead_time_en         0x08015844      F       26  .text
	wm_ll_pwm_set_dead_time_cnt        0x08015860      F       48  .text
	wm_ll_pwm_get_dead_time_cnt        0x08015890      F       38  .text
	wm_ll_pwm_set_dma_request_int_en   0x080158b8      F       28  .text
	wm_ll_pwm_set_falling_int_en       0x080158d4      F       28  .text
	wm_ll_pwm_set_rising_int_en        0x080158f0      F       28  .text
	wm_ll_pwm_set_period_int_en        0x0801590c      F       36  .text
	wm_ll_pwm_get_period_int_en        0x08015930      F       24  .text
	wm_ll_pwm_get_cnt_overflow_status  0x08015948      F       28  .text
	wm_ll_pwm_get_falling_int_overrun_status0x08015964      F       28  .text
	wm_ll_pwm_get_rising_int_overrun_status0x08015980      F       28  .text
	wm_ll_pwm_clear_cap_falling_int_status0x0801599c      F       32  .text
	wm_ll_pwm_get_cap_falling_int_status0x080159bc      F       28  .text
	wm_ll_pwm_clear_cap_rising_int_status0x080159d8      F       32  .text
	wm_ll_pwm_get_cap_rising_int_status0x080159f8      F       28  .text
	wm_ll_pwm_clear_all_int_status     0x08015a14      F       36  .text
	wm_ll_pwm_get_cap_value            0x08015a38      F       62  .text
	wm_ll_pwm_set_brake_en             0x08015a78      F       40  .text
	wm_ll_pwm_set_brake_level          0x08015aa0      F       40  .text
	wm_ll_pwm_get_cap_addr             0x08015ac8      F       20  .text
	wm_hal_irq_init                    0x08015b08      F       32  .text
	wm_hal_irq_attach_sw_vector        0x08015b30      F       58  .text
	wm_hal_irq_detach_sw_vector        0x08015b7c      F       58  .text
	wm_hal_irq_set_critical            0x08015bcc      F       14  .text
	wm_hal_irq_release_critical        0x08015be0      F       48  .text
	wm_hal_irq_attach_hw_vector        0x08015c24      F       60  .text
	wm_hal_irq_enable                  0x08015c74      F       42  .text
	wm_hal_irq_disable                 0x08015ca4      F       50  .text
	wm_hal_irq_clear_pending           0x08015cdc      F       36  .text
	wm_hal_uart_deinit                 0x0801619c      F      202  .text
	wm_hal_uart_set_dma                0x08016274      F       56  .text
	wm_hal_uart_getchar                0x080162b0      F       30  .text
	wm_hal_uart_tx_polling             0x080162d0      F       56  .text
	wm_hal_uart_tx_it                  0x08016308      F      108  .text
	wm_hal_uart_rx_it                  0x08016374      F       92  .text
	wm_hal_uart_tx_dma                 0x080163d0      F      186  .text
	wm_hal_uart_rx_dma                 0x08016490      F      116  .text
	wm_hal_uart_register_tx_callback   0x08016504      F       24  .text
	wm_hal_uart_register_rx_callback   0x0801651c      F       24  .text
	wm_hal_uart_get_config             0x08016534      F       36  .text
	wm_hal_uart_set_baudrate           0x08016558      F       70  .text
	wm_hal_uart_get_baudrate           0x080165a0      F       28  .text
	wm_hal_uart_set_data_bits          0x080165bc      F       36  .text
	wm_hal_uart_get_data_bits          0x080165e0      F       28  .text
	wm_hal_uart_set_stop_bits          0x080165fc      F       36  .text
	wm_hal_uart_get_stop_bits          0x08016620      F       28  .text
	wm_hal_uart_set_parity             0x0801663c      F       64  .text
	wm_hal_uart_get_parity             0x0801667c      F       28  .text
	wm_hal_uart_set_flow_ctrl          0x08016698      F      108  .text
	wm_hal_uart_set_config             0x08016704      F      154  .text
	wm_hal_uart_init                   0x080167a0      F      266  .text
	wm_hal_uart_get_flow_ctrl          0x080168bc      F       28  .text
	wm_hal_pwm_isr_handler             0x08016dcc      F      112  .text
	wm_hal_pwm_chans_start             0x08017070      F      128  .text
	wm_hal_pwm_chans_stop              0x080170f0      F       86  .text
	wm_hal_pwm_chan_start              0x08017148      F       58  .text
	wm_hal_pwm_chan_stop               0x08017184      F       42  .text
	wm_hal_pwm_channel_init            0x080171b0      F       84  .text
	wm_hal_pwm_channel_deinit          0x08017208      F      154  .text
	wm_hal_pwm_init                    0x080172a4      F       50  .text
	wm_hal_pwm_deinit                  0x080172dc      F       94  .text
	wm_hal_pwm_set_freq                0x0801733c      F      376  .text
	wm_hal_pwm_set_freq_inner          0x080174b4      F      108  .text
	wm_hal_pwm_get_freq                0x08017520      F       76  .text
	wm_hal_pwm_get_clkdiv              0x0801756c      F       44  .text
	wm_hal_pwm_get_period              0x08017598      F       44  .text
	wm_hal_pwm_set_period_num          0x080175c4      F       92  .text
	wm_hal_pwm_get_period_num          0x08017620      F       44  .text
	wm_hal_pwm_set_duty_cycle          0x0801764c      F       92  .text
	wm_hal_pwm_get_duty_cycle          0x080176a8      F       44  .text
	wm_hal_pwm_set_inverse             0x080176d4      F      104  .text
	wm_hal_pwm_get_inverse             0x0801773c      F       58  .text
	wm_hal_pwm_set_brake_level         0x08017778      F       80  .text
	wm_hal_pwm_get_brake_level         0x080177c8      F       56  .text
	wm_hal_pwm_set_deadtime            0x08017800      F      140  .text
	wm_hal_pwm_get_deadtime            0x0801788c      F       92  .text
	wm_hal_pwm_set_autoreload_en       0x080178e8      F       92  .text
	wm_hal_pwm_get_autoreload_en       0x08017944      F       44  .text
	wm_hal_pwm_set_period_int          0x08017970      F       40  .text
	wm_hal_pwm_get_period_int          0x08017998      F       44  .text
	wm_hal_pwm_get_chan_cfg            0x080179c4      F       24  .text
	wm_hal_i2s_init                    0x08017b30      F      298  .text
	wm_hal_i2s_set_left_zero_cross_en  0x08017c60      F       16  .text
	wm_hal_i2s_set_right_zero_cross_en 0x08017c70      F       16  .text
	wm_hal_i2s_set_tx_clock_inv_en     0x08017c80      F       16  .text
	wm_hal_i2s_set_rx_clock_inv_en     0x08017c90      F       16  .text
	wm_hal_i2s_is_tx_enabled           0x08017ca0      F       10  .text
	wm_hal_i2s_is_rx_enabled           0x08017cac      F       10  .text
	wm_hal_i2s_rx_stop                 0x08017cb8      F      112  .text
	wm_hal_i2s_rx_dma_buf_append       0x08017d28      F      392  .text
	wm_hal_i2s_rx_pause                0x08017ec0      F       24  .text
	wm_hal_i2s_rx_resume               0x08017ed8      F       26  .text
	wm_hal_i2s_tx_pause                0x08017ef4      F       24  .text
	wm_hal_i2s_tx_resume               0x08017f0c      F       26  .text
	wm_hal_i2s_tx_stop                 0x08017f28      F      106  .text
	wm_hal_i2s_deinit                  0x08017f94      F       52  .text
	wm_hal_i2s_tx_dma_buf_append       0x08017fc8      F      382  .text
	wm_hal_i2s_set_format              0x08018154      F       56  .text
	wm_hal_rtc_init                    0x0801818c      F       50  .text
	wm_hal_rtc_deinit                  0x080181c0      F       46  .text
	wm_hal_rtc_set_time                0x080181f0      F      114  .text
	wm_hal_rtc_get_time                0x08018264      F       74  .text
	wm_hal_rtc_set_alarm               0x080182b0      F       94  .text
	wm_hal_rtc_abort_alarm             0x08018310      F       30  .text
	wm_hal_rtc_get_supported_mask      0x08018330      F       26  .text
	wm_hal_pmu_init                    0x0801840c      F      158  .text
	wm_hal_pmu_set_clock_source        0x080184bc      F       64  .text
	wm_hal_pmu_calibration_internal_rc 0x08018508      F       26  .text
	wm_hal_pmu_set_power_mode          0x08018524      F       92  .text
	wm_hal_pmu_set_wakeup_io           0x08018580      F       34  .text
	wm_hal_pmu_register_callback       0x080185a4      F       22  .text
	wm_hal_pmu_get_status_before_wakeup0x080185bc      F       54  .text
	wm_hal_pmu_set_timer0              0x080185f4      F       64  .text
	wm_hal_pmu_abort_timer0            0x08018634      F       24  .text
	wm_hal_pmu_set_timer1              0x0801864c      F       82  .text
	wm_hal_pmu_abort_timer1            0x080186a0      F       18  .text
	wm_hal_gpio_init                   0x080186c4      F      248  .text
	wm_hal_gpio_deinit                 0x080187bc      F       76  .text
	wm_hal_gpio_set_dir                0x0801880c      F       74  .text
	wm_hal_gpio_set_pullmode           0x0801885c      F      122  .text
	wm_hal_gpio_data_set               0x080188dc      F       72  .text
	wm_hal_gpio_data_reset             0x0801892c      F       68  .text
	wm_hal_gpio_data_get               0x08018978      F       54  .text
	wm_hal_gpio_iomux_func_sel         0x080189b8      F      216  .text
	wm_hal_gpio_get_irq_status         0x08018a90      F       40  .text
	wm_hal_gpio_clr_irq_status         0x08018abc      F       44  .text
	wm_hal_gpio_enable_irq             0x08018b38      F       52  .text
	wm_hal_gpio_disable_irq            0x08018b70      F       44  .text
	wm_hal_gpio_set_intr_mode          0x08018ba0      F      150  .text
	wm_hal_gpio_install_isr_service    0x08018c38      F       92  .text
	wm_hal_gpio_uninstall_isr_service  0x08018c9c      F       56  .text
	wm_hal_gpio_add_isr_handler        0x08018cd4      F       52  .text
	wm_hal_gpio_remove_isr_handler     0x08018d0c      F       50  .text
	wm_hal_wdt_init                    0x08018d94      F       90  .text
	wm_hal_wdt_deinit                  0x08018df4      F       52  .text
	wm_hal_wdt_start                   0x08018e28      F       12  .text
	wm_hal_wdt_stop                    0x08018e34      F       12  .text
	wm_hal_wdt_feed                    0x08018e40      F       26  .text
	wm_hal_wdt_set_counter_value       0x08018e5c      F       96  .text
	wm_hal_wdt_get_counter_value       0x08018ed4      F       18  .text
	wm_hal_wdt_get_current_value       0x08018ee8      F       18  .text
	wm_hal_dma_user_isr_dummy          0x08018efc      F        2  .text
	wm_hal_dma_register_callback       0x08018f00      F       48  .text
	wm_hal_dma_unregister_callback     0x08018f40      F       54  .text
	wm_hal_dma_init                    0x08018f88      F      112  .text
	wm_hal_dma_deinit                  0x08019004      F      114  .text
	wm_hal_dma_config                  0x08019078      F      462  .text
	wm_hal_dma_config_partial          0x08019258      F       70  .text
	wm_hal_dma_start                   0x080192ac      F       42  .text
	wm_hal_dma_stop                    0x080192e4      F       52  .text
	wm_hal_dma_ch_isr_entry            0x08019324      F       96  .text
	wm_hal_dma_isr_entry               0x08019390      F      214  .text
	wm_hal_dma_get_status              0x08019484      F       92  .text
	wm_hal_dma_request_ch              0x080194ec      F       74  .text
	wm_hal_dma_release_ch              0x08019544      F       56  .text
	wm_hal_dma_clr_req                 0x0801958c      F       70  .text
	wm_hal_i2c_deinit                  0x08019654      F       74  .text
	wm_hal_i2c_set_speed               0x080196a8      F      130  .text
	wm_hal_i2c_init                    0x08019734      F      212  .text
	wm_hal_i2c_tx_polling              0x08019810      F      216  .text
	wm_hal_i2c_rx_polling              0x080198f0      F      152  .text
	wm_hal_rcc_set_i2s_clock_config    0x080199a8      F       44  .text
	wm_hal_clock_enable                0x080199d4      F       10  .text
	wm_hal_clock_disable               0x080199e0      F       12  .text
	wm_hal_clock_reset                 0x080199ec      F       14  .text
	wm_hal_clock_init                  0x080199fc      F        2  .text
	wm_hal_clock_deinit                0x08019a00      F        2  .text
	wm_hal_rcc_config_clock            0x08019a04      F      382  .text
	wm_hal_rcc_get_clock_config        0x08019b84      F      190  .text
	wm_hal_flash_get_manufacturer_id   0x08019c90      F       60  .text
	wm_hal_flash_get_capacity          0x08019ccc      F       72  .text
	wm_hal_flash_write_pages           0x08019d14      F      198  .text
	wm_hal_flash_read_pages            0x08019ddc      F      576  .text
	wm_hal_flash_read_sectors          0x0801a01c      F       52  .text
	wm_hal_flash_get_unique_id         0x0801a050      F      100  .text
	wm_hal_flash_erase_sectors         0x0801a0b4      F      112  .text
	wm_hal_flash_erase_chip            0x0801a124      F       46  .text
	wm_hal_flash_init                  0x0801a154      F      178  .text
	wm_hal_flash_deinit                0x0801a228      F       22  .text
	wm_hal_crc_init                    0x0801a240      F      122  .text
	wm_hal_crc_update                  0x0801a2c8      F      324  .text
	wm_hal_hash_init                   0x0801a420      F       80  .text
	wm_hal_hash_start                  0x0801a47c      F       82  .text
	wm_hal_hash_compress               0x0801a4f0      F      238  .text
	wm_hal_rng_init                    0x0801a5f0      F      200  .text
	wm_hal_rng_deinit                  0x0801a6c4      F       80  .text
	wm_hal_rng_read                    0x0801a720      F      130  .text
	wm_hal_rng_read_bytes              0x0801a7b4      F      126  .text
	wm_ft_param_init                   0x0801aaf4      F      324  .text
	wm_ft_get_tx_lo                    0x0801ac74      F       20  .text
	wm_ft_set_tx_lo                    0x0801ac90      F       14  .text
	wm_ft_freq_err_op                  0x0801aca0      F      136  .text
	wm_dt_get_device_by_name           0x0801ae98      F      362  .text
	wm_dt_auto_init_device             0x0801b03c      F      884  .text
	wm_set_reboot_reason               0x0801b3bc      F       12  .text
	wm_get_reboot_reason               0x0801b3cc      F       16  .text
	wm_output_ramdump                  0x0801b3e0      F      162  .text
	wm_system_reboot                   0x0801b490      F       42  .text
	wm_partition_table_init            0x0801b4c0      F      412  .text
	wm_partition_table_find            0x0801b68c      F      156  .text
	vListInitialise                    0x0801b73c      F       20  .text
	vListInitialiseItem                0x0801b750      F        6  .text
	vListInsertEnd                     0x0801b758      F       24  .text
	vListInsert                        0x0801b770      F       50  .text
	uxListRemove                       0x0801b7a4      F       34  .text
	xQueueGenericReset                 0x0801b8ec      F      124  .text
	xQueueGenericCreateStatic          0x0801b974      F      130  .text
	xQueueGenericCreate                0x0801ba14      F      106  .text
	xQueueCreateCountingSemaphore      0x0801ba90      F       52  .text
	xQueueGenericSend                  0x0801bad4      F      330  .text
	xQueueCreateMutex                  0x0801bc50      F       22  .text
	xQueueGiveMutexRecursive           0x0801bc68      F       60  .text
	xQueueGenericSendFromISR           0x0801bcb0      F      172  .text
	xQueueGiveFromISR                  0x0801bd74      F      154  .text
	xQueueReceive                      0x0801be28      F      304  .text
	xQueueSemaphoreTake                0x0801bf6c      F      370  .text
	xQueueTakeMutexRecursive           0x0801c0f8      F       68  .text
	xQueueReceiveFromISR               0x0801c148      F      150  .text
	vQueueDelete                       0x0801c1f4      F       34  .text
	vQueueWaitForMessageRestricted     0x0801c224      F       74  .text
	xTaskCreateStatic                  0x0801c550      F      114  .text
	xTaskCreate                        0x0801c5d8      F      110  .text
	vTaskDelete                        0x0801c64c      F      138  .text
	vTaskStartScheduler                0x0801c700      F      102  .text
	vTaskSuspendAll                    0x0801c788      F       10  .text
	xTaskGetTickCount                  0x0801c798      F        6  .text
	xTaskGetTickCountFromISR           0x0801c7a4      F        6  .text
	xTaskIncrementTick                 0x0801c7b0      F      250  .text
	xTaskResumeAll                     0x0801c8e4      F      204  .text
	vTaskDelay                         0x0801c9dc      F       66  .text
	vTaskSwitchContext                 0x0801ca30      F      144  .text
	vTaskPlaceOnEventList              0x0801cae0      F       42  .text
	vTaskPlaceOnEventListRestricted    0x0801cb1c      F       52  .text
	xTaskRemoveFromEventList           0x0801cb60      F      106  .text
	vTaskInternalSetTimeOutState       0x0801cbf0      F       14  .text
	xTaskCheckForTimeOut               0x0801cc08      F      116  .text
	vTaskMissedYield                   0x0801cc94      F        8  .text
	xTaskGetCurrentTaskHandle          0x0801cca0      F        6  .text
	xTaskGetSchedulerState             0x0801ccac      F       24  .text
	xTaskPriorityInherit               0x0801cccc      F      120  .text
	xTaskPriorityDisinherit            0x0801cd50      F      112  .text
	vTaskPriorityDisinheritAfterTimeout0x0801cddc      F      130  .text
	pvTaskIncrementMutexHeldCount      0x0801ce7c      F       20  .text
	xTimerCreateTimerTask              0x0801cf2c      F       84  .text
	xTimerGenericCommand               0x0801cf9c      F       92  .text
	xPortSysTickHandler                0x0801d2a4      F       28  .text
	pxPortInitialiseStack              0x0801d2c0      F      362  .text
	xPortStartScheduler                0x0801d4a4      F       16  .text
	cpu_intrpt_save                    0x0801d4b8      F       14  .text
	vPortEnterCritical                 0x0801d4cc      F        8  .text
	vPortExitCritical                  0x0801d4d4      F       34  .text
	vApplicationGetIdleTaskMemory      0x0801d4fc      F       16  .text
	vApplicationGetTimerTaskMemory     0x0801d514      F       16  .text
	vApplicationStackOverflowHook      0x0801d52c      F       14  .text
	vApplicationIdleHook               0x0801d540      F        6  .text
	vPortCleanUpTCB                    0x0801d548      F        2  .text
	pvPortMallocTracing                0x0801d54c      F       14  .text
	vPortFree                          0x0801d55c      F        8  .text
	wm_drv_irq_attach_hw_vector        0x0801d564      F        8  .text
	wm_drv_irq_enable                  0x0801d56c      F        8  .text
	uart_register_callback             0x0801d57c      F       64  .text
	wm_drv_uart_init                   0x0801e36c      F       44  .text
	wm_drv_uart_write                  0x0801e398      F       20  .text
	i2s_set_format                     0x0801ed60      F      246  .text
	i2s_set_mclk                       0x0801ee78      F       24  .text
	wm_drv_ops_pmu_get_status_before_wakeup0x0801f9c8      F      134  .text
	wm_drv_ops_pmu_abort_timer         0x0801fa5c      F      126  .text
	wm_drv_ops_pmu_set_timer           0x0801fae8      F      174  .text
	wm_drv_ops_pmu_set_power_mode      0x0801fdd0      F      102  .text
	wm_drv_ops_pmu_register_irq_callback0x0801fe44      F      118  .text
	wm_drv_ops_pmu_unregister_irq_callback0x0801fec8      F      108  .text
	wm_drv_pmu_init                    0x0801ff40      F       36  .text
	wm_drv_pmu_register_irq_callback   0x0801ff64      F       54  .text
	wm_drv_pmu_get_status_before_wakeup0x0801ff9c      F       46  .text
	wm_drv_gpio_init                   0x080206b0      F       54  .text
	wm_drv_gpio_set_dir                0x080206f0      F       46  .text
	wm_drv_gpio_set_pullmode           0x08020724      F       46  .text
	wm_drv_gpio_data_set               0x08020758      F       32  .text
	wm_drv_gpio_data_reset             0x0802077c      F       32  .text
	wm_drv_gpio_iomux_func_sel         0x080207a0      F       46  .text
	wm_drv_dma_isr_entry               0x08020c80      F       74  .text
	wm_w800_driver_dma_request_ch      0x08020ccc      F       18  .text
	wm_w800_driver_dma_config_partial  0x08020ce0      F       62  .text
	wm_w800_driver_dma_deinit          0x08020d20      F       68  .text
	wm_w800_driver_dma_stop            0x08020d94      F       18  .text
	wm_w800_driver_dma_start           0x08020da8      F       28  .text
	wm_w800_driver_dma_release_ch      0x08020dc4      F       28  .text
	wm_w800_driver_dma_get_status      0x08020de0      F       18  .text
	wm_w800_driver_dma_register_callback0x08020df4      F       44  .text
	wm_w800_driver_dma_init            0x08020e20      F      166  .text
	wm_w800_driver_dma_desc_convert    0x08020edc      F      476  .text
	wm_w800_driver_dma_config          0x080210c8      F      266  .text
	wm_drv_dma_init                    0x080211e4      F       62  .text
	wm_drv_dma_request_ch              0x08021228      F       74  .text
	wm_drv_dma_release_ch              0x08021274      F       38  .text
	wm_drv_dma_stop                    0x0802129c      F       40  .text
	wm_drv_i2c_init                    0x080212c4      F       64  .text
	wm_drv_i2c_read                    0x0802130c      F       78  .text
	wm_drv_i2c_write                   0x08021364      F       78  .text
	wm_w800_drv_rcc_register_cb_bus_clock_change0x08022044      F       70  .text
	wm_w800_drv_rcc_unregister_cb_bus_clock_change0x08022090      F       64  .text
	wm_rcc_traverse_dev                0x08022384      F       44  .text
	wm_drv_clock_enable                0x0802250c      F       32  .text
	wm_drv_clock_disable               0x0802252c      F       32  .text
	wm_drv_clock_reset                 0x0802254c      F       32  .text
	wm_drv_rcc_get_config_clock        0x0802256c      F       28  .text
	wm_drv_clock_init                  0x08022588      F       36  .text
	wm_drv_rcc_set_i2s_clock           0x080225ac      F       68  .text
	wm_drv_iflash_wr_with_erase_private0x08022d54      F      272  .text
	wm_drv_flash_read                  0x08022e74      F       36  .text
	wm_drv_flash_get_device_info       0x08022e98      F       32  .text
	wm_drv_flash_init                  0x08022eb8      F       56  .text
	wm_drv_crc_init                    0x08023120      F       70  .text
	wm_drv_crc_cfg                     0x08023174      F       76  .text
	wm_drv_crc_update                  0x080231cc      F       66  .text
	wm_drv_crc_final                   0x0802321c      F       58  .text
	wm_drv_crc32_reverse               0x08023264      F      112  .text
	wm_w800_drv_md5_start              0x080232e8      F       72  .text
	wm_w800_drv_sha1_start             0x0802333c      F       72  .text
	wm_drv_creat_gpsec_mutex           0x080233e8      F       20  .text
	wm_drv_acquire_gpsec_mutex         0x08023514      F       18  .text
	wm_drv_release_gpsec_mutex         0x0802352c      F       16  .text
	wm_w800_drv_md5_update             0x08023614      F       62  .text
	wm_w800_drv_sha1_update            0x08023660      F       64  .text
	wm_w800_drv_md5_final              0x08023830      F       60  .text
	wm_w800_drv_sha1_final             0x08023878      F       60  .text
	wm_drv_hash_init                   0x080238c0      F       70  .text
	wm_drv_md5_start                   0x08023914      F       54  .text
	wm_drv_md5_update                  0x08023958      F       66  .text
	wm_drv_md5_final                   0x080239a8      F       58  .text
	wm_drv_md5                         0x080239f0      F      120  .text
	wm_w800_drv_rng_read_bytes         0x08023a7c      F      214  .text
	wm_w800_drv_rng_read               0x08023c70      F      192  .text
	wm_drv_rng_init                    0x08023d88      F       70  .text
	wm_drv_rng_deinit                  0x08023ddc      F       50  .text
	wm_drv_rng_read                    0x08023e1c      F       50  .text
	__etext                            0x08023e60               0  .text
	__srodata                          0x08023e60               0  .rodata
	__thenan_df                        0x08023e60      O       20  .rodata
	__clz_tab                          0x08023e74      O      256  .rodata
	g_gpio_map                         0x08024c70      O      192  .rodata
	g_iomux_attr_table                 0x08024d30      O       30  .rodata
	cos132                             0x08024e3e      O       64  .rodata
	cos16                              0x08024e7e      O       64  .rodata
	sin132                             0x08024ebe      O       64  .rodata
	sin16                              0x08024efe      O       64  .rodata
	HZ                                 0x08027150      O        4  .rodata
	wm_drv_uart_ops                    0x08027170      O       80  .rodata
	wm_drv_pwm_ops                     0x08027214      O       36  .rodata
	wm_drv_i2s_ops                     0x080275fc      O       52  .rodata
	wm_drv_rtc_ops                     0x0802777c      O       40  .rodata
	wm_drv_pmu_ops                     0x08027a1c      O       36  .rodata
	wm_drv_gpio_ops                    0x08027a40      O       52  .rodata
	wm_drv_wdt_ops                     0x08027ba8      O       32  .rodata
	wm_drv_dma_ops                     0x08027c88      O       36  .rodata
	wm_drv_i2c_ops                     0x08027d8c      O       16  .rodata
	wm_drv_i2c_soft_ops                0x08027db8      O       16  .rodata
	wm_drv_eeprom_nv24c0x_ops          0x08027dc8      O       24  .rodata
	wm_drv_rcc_ops                     0x08027df8      O       40  .rodata
	wm_drv_internal_flash_ops          0x0802804c      O       36  .rodata
	wm_drv_crc_ops                     0x08028248      O       20  .rodata
	wm_drv_hash_ops                    0x080283b0      O       32  .rodata
	wm_drv_rng_ops                     0x08028468      O       16  .rodata
	__ctor_end__                       0x08028ca4               0  .rodata
	__ctor_start__                     0x08028ca4               0  .rodata
	__dtor_end__                       0x08028ca4               0  .rodata
	__erodata                          0x08028ca4               0  .rodata
	__rodata_end__                     0x08028ca4               0  .rodata
	__vdata_start__                    0x20000000               0  .vdata
	irq_vectors                        0x20000000      O      256  .vdata
	__vdata_end__                      0x20000100               0  .vdata
	__data_start__                     0x20000100               0  .data
	__sdata                            0x20000100               0  .data
	data_start                         0x20000100               0  .data
	wm_sdk_build_date                  0x20000104      O        4  .data
	wm_sdk_build_time                  0x20000108      O        4  .data
	wm_soc_memory                      0x2000010c      O      128  .data
	wm_soc_memory_count                0x2000018c      O        4  .data
	ht20lpfaim                         0x20000190      O        8  .data
	ht40lpfaim                         0x20000198      O        8  .data
	rf_lpf_aim                         0x200001a0      O       32  .data
	rf_set_chan_common_data_20m        0x200001c0      O      116  .data
	_set_chan_common_data_20mrf        0x20000234      O      116  .data
	sample_num                         0x200002a8      O        4  .data
	hal_dma_ch2irq                     0x200002bc      O       32  .data
	drv_dma_req_src_drv2hal            0x20000304      O       92  .data
	drv_dma_uart_ch_drv2hal            0x20000360      O       48  .data
	__data_end__                       0x20000390               0  .data
	__edata                            0x20000390               0  .data
	__start_cmd                        0x20000390               0  .data
	__start_init_call                  0x20000390               0  .data
	__stop_cmd                         0x20000390               0  .data
	__stop_init_call                   0x20000390               0  .data
	__bss_start__                      0x20000390               0  .bss
	__sbss                             0x20000390               0  .bss
	g_intstackalloc                    0x20000390               0  .bss
	g_intstackbase                     0x20000390               0  .bss
	g_top_irqstack                     0x20001390               0  .bss
	g_trapstackalloc                   0x20001390               0  .bss
	g_trapstackbase                    0x20001390               0  .bss
	g_top_trapstack                    0x20001590               0  .bss
	g_trap_sp                          0x20001590      O        4  .bss
	g_sw_irq_vector                    0x20001594      O      256  .bss
	g_log_uart                         0x20001694      O        4  .bss
	hed_rf_current_channel             0x20001698      O        4  .bss
	rf_chan24g_20m                     0x2000169c      O      120  .bss
	rf_chan24g_base                    0x20001714      O      120  .bss
	ffttimes                           0x2000178c      O        4  .bss
	gauleakagepwrI                     0x20001790      O        4  .bss
	gauleakagepwrq                     0x20001794      O        4  .bss
	tx_rx                              0x20001798      O        4  .bss
	FFT_Data                           0x2000179c      O        4  .bss
	tempRev                            0x200017a0      O        4  .bss
	hal_dma_ch_list                    0x200017f0      O      128  .bss
	hal_irq_priv                       0x20001870      O       60  .bss
	pxCurrentTCB                       0x200019a8      O        4  .bss
	dma_desc_convert                   0x200030f0      O      224  .bss
	mutex_for_gpsec                    0x2000329c      O        4  .bss
	app_cht8305c                       0x200032a0      O       16  .bss
	rh                                 0x200032b0      O        4  .bss
	sensor                             0x200032b4      O       16  .bss
	t_c                                0x200032c4      O        4  .bss
	rf_nto_chip                        0x200032c8      O        4  .bss
	errno                              0x200032cc      O        4  .bss
	__malloc_lock                      0x200032d0      O        4  .bss
	__bss_end__                        0x200032d4               0  .bss
	__ebss                             0x200032d4               0  .bss
	__end                              0x200032d4               0  .bss
	end                                0x200032d4               0  .bss
	_eshram                            0x20028000               0  ._shared_ram_
	_sshram                            0x20028000               0  ._shared_ram_

	(w:Weak    d:Deubg    F:Function    f:File name    O:Zero)


======================================================================

Memory Map of the image

    Image Entry point : 0x0800f50c

    Region SRAM (Base: 0x20000000, Size: 0x000032d4, Max: 0x00028000)

    Base Addr    Size         Type   Attr      Idx   Section Name       Object
    0x20000000   0x00000100   Data   RW       2592  IRQINRAM       	cpu_init.c.obj
    0x20000100   0x00000004   Data   RW       5550  .data          	rand.o
    0x20000104   0x00000004   Data   RW         19  .data.wm_sdk_build_date	CMakeFiles/A-Geteway.elf.dir/project/project_elf_src.c.obj
    0x20000108   0x00000004   Data   RW         20  .data.wm_sdk_build_time	CMakeFiles/A-Geteway.elf.dir/project/project_elf_src.c.obj
    0x2000010c   0x00000080   Data   RW       2820  .data.wm_soc_memory	wm_memory_layout.c.obj
    0x2000018c   0x00000004   Data   RW       2821  .data.wm_soc_memory_count	wm_memory_layout.c.obj
    0x20000190   0x00000008   Data   RW       2911  .data.ht20lpfaim	tls_wl_rf.c.obj
    0x20000198   0x00000008   Data   RW       2912  .data.ht40lpfaim	tls_wl_rf.c.obj
    0x200001a0   0x00000020   Data   RW       2913  .data.rf_lpf_aim	tls_wl_rf.c.obj
    0x200001c0   0x00000074   Data   RW       2914  .data.rf_set_chan_common_data_20m	tls_wl_rf.c.obj
    0x20000234   0x00000074   Data   RW       2965  .data._set_chan_common_data_20mrf	tx_lo_cal.c.obj
    0x200002a8   0x00000004   Data   RW       2966  .data.sample_num	tx_lo_cal.c.obj
    0x200002ac   0x00000001   Data   RW       3071  .data.g_level  	wm_log.c.obj
    0x200002ad   0x00000003   PAD
    0x200002b0   0x00000004   Data   RW       3072  .data.g_log_vprintf	wm_log.c.obj
    0x200002b4   0x00000004   Data   RW       3226  .data.g_CriticalNesting	wm_hal_irq.c.obj
    0x200002b8   0x00000001   Data   RW       3287  .data.g_dma_port	wm_hal_uart.c.obj
    0x200002b9   0x00000003   PAD
    0x200002bc   0x00000020   Data   RW       3570  .data.hal_dma_ch2irq	wm_hal_dma.c.obj
    0x200002dc   0x00000004   Data   RW       3811  .data.g_ft_addr_1	wm_ft_param.c.obj
    0x200002e0   0x00000008   Data   RW       3846  .data.g_dt_dev_list	wm_dt.c.obj
    0x200002e8   0x00000004   Data   RW       4497  .data.uxCriticalNesting	port.c.obj
    0x200002ec   0x00000018   Data   RW       4658  .data.pwm_gpios	wm_drv_pwm.c.obj
    0x20000304   0x0000005c   Data   RW       4952  .data.drv_dma_req_src_drv2hal	wm_drv_dma.c.obj
    0x20000360   0x00000030   Data   RW       4953  .data.drv_dma_uart_ch_drv2hal	wm_drv_dma.c.obj
    0x20000390   0x00001000   Zero   RW       2657  .bss           	startup.S.obj
    0x20001390   0x00000204   Zero   RW       2667  .bss           	vectors.S.obj
    0x20001594   0x00000100   Zero   RW       2571  .bss.g_sw_irq_vector	isr.c.obj
    0x20001694   0x00000004   Zero   RW       2836  .bss.g_log_uart	wm_printf_port.c.obj
    0x20001698   0x00000004   Zero   RW       2905  .bss.hed_rf_current_channel	tls_wl_rf.c.obj
    0x2000169c   0x00000078   Zero   RW       2906  .bss.rf_chan24g_20m	tls_wl_rf.c.obj
    0x20001714   0x00000078   Zero   RW       2907  .bss.rf_chan24g_base	tls_wl_rf.c.obj
    0x2000178c   0x00000004   Zero   RW       2961  .bss.ffttimes  	tx_lo_cal.c.obj
    0x20001790   0x00000004   Zero   RW       2962  .bss.gauleakagepwrI	tx_lo_cal.c.obj
    0x20001794   0x00000004   Zero   RW       2963  .bss.gauleakagepwrq	tx_lo_cal.c.obj
    0x20001798   0x00000004   Zero   RW       2964  .bss.tx_rx     	tx_lo_cal.c.obj
    0x2000179c   0x00000004   Zero   RW       2993  .bss.FFT_Data  	tls_rf_fft.c.obj
    0x200017a0   0x00000004   Zero   RW       2994  .bss.tempRev   	tls_rf_fft.c.obj
    0x200017a4   0x00000018   Zero   RW       3102  .bss.heap_used_block_list	wm_heap.c.obj
    0x200017bc   0x00000014   Zero   RW       3103  .bss.wm_heaps  	wm_heap.c.obj
    0x200017d0   0x00000001   Zero   RW       3285  .bss.g_irq25_num	wm_hal_uart.c.obj
    0x200017d1   0x00000003   PAD
    0x200017d4   0x00000018   Zero   RW       3286  .bss.g_uart_dev	wm_hal_uart.c.obj
    0x200017ec   0x00000001   Zero   RW       3503  .bss.g_gpio_data_en	wm_hal_gpio.c.obj
    0x200017ed   0x00000003   PAD
    0x200017f0   0x00000080   Zero   RW       3568  .bss.hal_dma_ch_list	wm_hal_dma.c.obj
    0x20001870   0x0000003c   Zero   RW       3569  .bss.hal_irq_priv	wm_hal_dma.c.obj
    0x200018ac   0x00000004   Zero   RW       3809  .bss.g_ft_addr_0	wm_ft_param.c.obj
    0x200018b0   0x000000dc   Zero   RW       3810  .bss.g_ft_param_ver	wm_ft_param.c.obj
    0x2000198c   0x00000004   Zero   RW       3842  .bss.g_dt_dev_mutex	wm_dt.c.obj
    0x20001990   0x00000004   Zero   RW       3843  .bss.g_dt_entry_count	wm_dt.c.obj
    0x20001994   0x00000004   Zero   RW       3844  .bss.g_dt_table_addr	wm_dt.c.obj
    0x20001998   0x00000004   Zero   RW       3845  .bss.g_dt_table_name	wm_dt.c.obj
    0x2000199c   0x00000004   Zero   RW       3986  .bss.g_partition_table_addr	wm_partition_table.c.obj
    0x200019a0   0x00000004   Zero   RW       3987  .bss.g_partition_table_count	wm_partition_table.c.obj
    0x200019a4   0x00000001   Zero   RW       3988  .bss.g_partition_table_verified	wm_partition_table.c.obj
    0x200019a5   0x00000003   PAD
    0x200019a8   0x00000004   Zero   RW       4304  .bss.pxCurrentTCB	tasks.c.obj
    0x200019ac   0x00000004   Zero   RW       4305  .bss.pxDelayedTaskList	tasks.c.obj
    0x200019b0   0x00000004   Zero   RW       4306  .bss.pxOverflowDelayedTaskList	tasks.c.obj
    0x200019b4   0x00000140   Zero   RW       4307  .bss.pxReadyTasksLists	tasks.c.obj
    0x20001af4   0x00000004   Zero   RW       4308  .bss.uxCurrentNumberOfTasks	tasks.c.obj
    0x20001af8   0x00000004   Zero   RW       4309  .bss.uxDeletedTasksWaitingCleanUp	tasks.c.obj
    0x20001afc   0x00000004   Zero   RW       4310  .bss.uxSchedulerSuspended	tasks.c.obj
    0x20001b00   0x00000004   Zero   RW       4311  .bss.uxTaskNumber	tasks.c.obj
    0x20001b04   0x00000004   Zero   RW       4312  .bss.uxTopReadyPriority	tasks.c.obj
    0x20001b08   0x00000014   Zero   RW       4313  .bss.xDelayedTaskList1	tasks.c.obj
    0x20001b1c   0x00000014   Zero   RW       4314  .bss.xDelayedTaskList2	tasks.c.obj
    0x20001b30   0x00000004   Zero   RW       4315  .bss.xNextTaskUnblockTime	tasks.c.obj
    0x20001b34   0x00000004   Zero   RW       4316  .bss.xNumOfOverflows	tasks.c.obj
    0x20001b38   0x00000004   Zero   RW       4317  .bss.xPendedTicks	tasks.c.obj
    0x20001b3c   0x00000014   Zero   RW       4318  .bss.xPendingReadyList	tasks.c.obj
    0x20001b50   0x00000004   Zero   RW       4319  .bss.xSchedulerRunning	tasks.c.obj
    0x20001b54   0x00000014   Zero   RW       4320  .bss.xSuspendedTaskList	tasks.c.obj
    0x20001b68   0x00000014   Zero   RW       4321  .bss.xTasksWaitingTermination	tasks.c.obj
    0x20001b7c   0x00000004   Zero   RW       4322  .bss.xTickCount	tasks.c.obj
    0x20001b80   0x00000004   Zero   RW       4323  .bss.xYieldPending	tasks.c.obj
    0x20001b84   0x00000004   Zero   RW       4423  .bss.pxCurrentTimerList	timers.c.obj
    0x20001b88   0x00000004   Zero   RW       4424  .bss.pxOverflowTimerList	timers.c.obj
    0x20001b8c   0x00000800   Zero   RW       4425  .bss.ucStaticTimerQueueStorage.5569	timers.c.obj
    0x2000238c   0x00000014   Zero   RW       4426  .bss.xActiveTimerList1	timers.c.obj
    0x200023a0   0x00000014   Zero   RW       4427  .bss.xActiveTimerList2	timers.c.obj
    0x200023b4   0x00000004   Zero   RW       4428  .bss.xLastTime.5520	timers.c.obj
    0x200023b8   0x00000050   Zero   RW       4429  .bss.xStaticTimerQueue.5568	timers.c.obj
    0x20002408   0x00000004   Zero   RW       4430  .bss.xTimerQueue	timers.c.obj
    0x2000240c   0x00000004   Zero   RW       4431  .bss.xTimerTaskHandle	timers.c.obj
    0x20002410   0x00000400   Zero   RW       4492  .bss.uxIdleTaskStack.5443	port.c.obj
    0x20002810   0x00000800   Zero   RW       4493  .bss.uxTimerTaskStack.5450	port.c.obj
    0x20003010   0x0000006c   Zero   RW       4494  .bss.xIdleTaskTCB.5442	port.c.obj
    0x2000307c   0x0000006c   Zero   RW       4495  .bss.xTimerTaskTCB.5449	port.c.obj
    0x200030e8   0x00000004   Zero   RW       4865  .bss.gpio_dev  	wm_drv_gpio.c.obj
    0x200030ec   0x00000004   Zero   RW       4866  .bss.gpio_mutex	wm_drv_gpio.c.obj
    0x200030f0   0x000000e0   Zero   RW       4951  .bss.dma_desc_convert	wm_drv_dma.c.obj
    0x200031d0   0x000000cc   Zero   RW       5111  .bss.g_rcc_dev_tree	wm_drv_rcc.c.obj
    0x2000329c   0x00000004   Zero   RW       5237  .bss.mutex_for_gpsec	wm_drv_hash.c.obj
    0x200032a0   0x00000028   Zero   RW         50  COMMON         	main.c.obj
    0x200032c8   0x00000004   Zero   RW       2945  COMMON         	tls_wl_rf.c.obj
    0x200032cc   0x00000008   Zero   RW       5654  COMMON         	minilibc_init.o

    Region DRAM (Base: 0x20028000, Size: 0x00000000, Max: 0x00020000)

    Region *default* (Base: 0x00000000, Size: 0x00000000, Max: 0xffffffff)


======================================================================

Image component sizes

       Code    RO Data    RW Data    ZI Data      Debug   Object Name

          0          0          0          0          0   linker stubs
          0         21          8          0      10243   CMakeFiles/A-Geteway.elf.dir/project/project_elf_src.c.obj
	------------------------------------------------------------
          0         21          8          0      10243   Object Totals
        346         41          6          9          0   Pad
          0          0          0          0          0   LD_GEN

	------------------------------------------------------------
    [Library Name]: components/main/libmain.a
	------------------------------------------------------------
       Code    RO Data    RW Data    ZI Data      Debug   Library Member Name

        156         87          0         40      82484   main.c.obj
          0          0          0          0          0   app_main.c.obj
          0          0          0          0          0   rgb_status.c.obj
        244         53          0          0      83851   bps_i2c.c.obj
          0          0          0          0          0   bsp_rgb.c.obj
        908        875          0          0      84298   cht8305c.c.obj
          0          0          0          0          0   rgb_led.c.obj
          0          0          0          0          0   test_rgb.c.obj
          0        877         12          0      37503   wm_dt_hw.c.obj
	------------------------------------------------------------
       1308       1892         12         40     288136   Library Totals
          0          0          0          0          0   Pad
          0          0          0          0          0   LD_GEN

	------------------------------------------------------------
    [Library Name]: ../../../../W800/wm_iot_sdk_v2.4-rc/wm_iot_sdk/components/wm_soc/w80x/lib/libcsi_math.a
	------------------------------------------------------------
       Code    RO Data    RW Data    ZI Data      Debug   Library Member Name

          0          0          0          0          0   csi_xt800p_common_tables.o
          0          0          0          0          0   csi_xt800p_common_fastmath_tables.o
          0          0          0          0          0   csi_xt800p_common_cfft_tables.o
          0          0          0          0          0   csi_xt800p_common_dct4_tables.o
          0          0          0          0          0   csi_xt800p_common_rfft_tables.o
          0          0          0          0          0   csi_xt800p_common_deprecate_tables.o
          0          0          0          0          0   csi_xt800p_const_structs.o
          0          0          0          0          0   csi_abs_f32.o
          0          0          0          0          0   csi_add_f32.o
          0          0          0          0          0   csi_dot_prod_f32.o
          0          0          0          0          0   csi_mult_f32.o
          0          0          0          0          0   csi_negate_f32.o
          0          0          0          0          0   csi_offset_f32.o
          0          0          0          0          0   csi_scale_f32.o
          0          0          0          0          0   csi_sub_f32.o
          0          0          0          0          0   csi_xt800p_abs_q15.o
          0          0          0          0          0   csi_xt800p_abs_q31.o
          0          0          0          0          0   csi_xt800p_abs_q7.o
          0          0          0          0          0   csi_xt800p_abs_max_q15.o
          0          0          0          0          0   csi_xt800p_abs_max_q31.o
          0          0          0          0          0   csi_xt800p_add_q15.o
          0          0          0          0          0   csi_xt800p_add_q31.o
          0          0          0          0          0   csi_xt800p_add_q7.o
          0          0          0          0          0   csi_xt800p_dot_prod_q15.o
          0          0          0          0          0   csi_xt800p_dot_prod_q31.o
          0          0          0          0          0   csi_xt800p_dot_prod_q7.o
          0          0          0          0          0   csi_xt800p_mult_rnd_q15.o
          0          0          0          0          0   csi_xt800p_mult_q15.o
          0          0          0          0          0   csi_xt800p_mult_q31.o
          0          0          0          0          0   csi_xt800p_mult_q7.o
          0          0          0          0          0   csi_xt800p_negate_q15.o
          0          0          0          0          0   csi_xt800p_negate_q31.o
          0          0          0          0          0   csi_xt800p_negate_q7.o
          0          0          0          0          0   csi_xt800p_offset_q15.o
          0          0          0          0          0   csi_xt800p_offset_q31.o
          0          0          0          0          0   csi_xt800p_offset_q7.o
          0          0          0          0          0   csi_xt800p_scale_q15.o
          0          0          0          0          0   csi_xt800p_scale_q31.o
          0          0          0          0          0   csi_xt800p_scale_q7.o
          0          0          0          0          0   csi_xt800p_shift_q15.o
          0          0          0          0          0   csi_xt800p_shift_q31.o
          0          0          0          0          0   csi_xt800p_shift_q7.o
          0          0          0          0          0   csi_xt800p_sub_q15.o
          0          0          0          0          0   csi_xt800p_sub_q31.o
          0          0          0          0          0   csi_xt800p_sub_q7.o
          0          0          0          0          0   csi_cmplx_conj_f32.o
          0          0          0          0          0   csi_cmplx_dot_prod_f32.o
          0          0          0          0          0   csi_cmplx_mag_f32.o
          0          0          0          0          0   csi_cmplx_mag_squared_f32.o
          0          0          0          0          0   csi_cmplx_mult_cmplx_f32.o
          0          0          0          0          0   csi_cmplx_mult_cmplx_re_f32.o
          0          0          0          0          0   csi_cmplx_mult_real_f32.o
          0          0          0          0          0   csi_xt800p_cmplx_conj_q15.o
          0          0          0          0          0   csi_xt800p_cmplx_conj_q31.o
          0          0          0          0          0   csi_xt800p_cmplx_dot_prod_q15.o
          0          0          0          0          0   csi_xt800p_cmplx_dot_prod_q31.o
          0          0          0          0          0   csi_xt800p_cmplx_mag_q15.o
          0          0          0          0          0   csi_xt800p_cmplx_mag_q31.o
          0          0          0          0          0   csi_xt800p_cmplx_mag_squared_q15.o
          0          0          0          0          0   csi_xt800p_cmplx_mag_squared_q31.o
          0          0          0          0          0   csi_xt800p_cmplx_mult_cmplx_q15.o
          0          0          0          0          0   csi_xt800p_cmplx_mult_cmplx_re_q15.o
          0          0          0          0          0   csi_xt800p_cmplx_mult_cmplx_q31.o
          0          0          0          0          0   csi_xt800p_cmplx_mult_cmplx_re_q31.o
          0          0          0          0          0   csi_xt800p_cmplx_mult_real_q15.o
          0          0          0          0          0   csi_xt800p_cmplx_mult_real_q31.o
          0          0          0          0          0   csi_pid_init_f32.o
          0          0          0          0          0   csi_pid_init_q15.o
          0          0          0          0          0   csi_pid_init_q31.o
          0          0          0          0          0   csi_pid_reset_f32.o
          0          0          0          0          0   csi_pid_reset_q15.o
          0          0          0          0          0   csi_pid_reset_q31.o
          0          0          0          0          0   csi_sin_cos_f32.o
          0          0          0          0          0   csi_xt800p_sin_cos_q31.o
          0          0          0          0          0   csi_cos_f32.o
          0          0          0          0          0   csi_sin_f32.o
          0          0          0          0          0   csi_sqrt_f32.o
          0          0          0          0          0   csi_cos_q15.o
          0          0          0          0          0   csi_sin_q15.o
          0          0          0          0          0   csi_sqrt_q15.o
          0          0          0          0          0   csi_sqrt_q31.o
          0          0          0          0          0   csi_xt800p_cos_q31.o
          0          0          0          0          0   csi_xt800p_sin_q31.o
          0          0          0          0          0   csi_biquad_cascade_df1_f32.o
          0          0          0          0          0   csi_biquad_cascade_df2T_f32.o
          0          0          0          0          0   csi_biquad_cascade_df2T_f64.o
          0          0          0          0          0   csi_biquad_cascade_stereo_df2T_f32.o
          0          0          0          0          0   csi_biquad_cascade_stereo_df2T_init_f32.o
          0          0          0          0          0   csi_conv_f32.o
          0          0          0          0          0   csi_conv_partial_f32.o
          0          0          0          0          0   csi_correlate_f32.o
          0          0          0          0          0   csi_fir_decimate_f32.o
          0          0          0          0          0   csi_fir_init_f32.o
          0          0          0          0          0   csi_fir_interpolate_f32.o
          0          0          0          0          0   csi_fir_lattice_f32.o
          0          0          0          0          0   csi_fir_sparse_f32.o
          0          0          0          0          0   csi_iir_lattice_f32.o
          0          0          0          0          0   csi_lms_f32.o
          0          0          0          0          0   csi_lms_norm_f32.o
          0          0          0          0          0   csi_biquad_cascade_df2T_init_f32.o
          0          0          0          0          0   csi_biquad_cascade_df2T_init_f64.o
          0          0          0          0          0   csi_biquad_cascade_df1_32x64_init_q31.o
          0          0          0          0          0   csi_biquad_cascade_df1_init_f32.o
          0          0          0          0          0   csi_biquad_cascade_df1_init_q15.o
          0          0          0          0          0   csi_biquad_cascade_df1_init_q31.o
          0          0          0          0          0   csi_fir_decimate_init_f32.o
          0          0          0          0          0   csi_fir_decimate_init_q15.o
          0          0          0          0          0   csi_fir_decimate_init_q31.o
          0          0          0          0          0   csi_fir_f32.o
          0          0          0          0          0   csi_fir_init_q15.o
          0          0          0          0          0   csi_fir_init_q31.o
          0          0          0          0          0   csi_fir_init_q7.o
          0          0          0          0          0   csi_fir_interpolate_init_f32.o
          0          0          0          0          0   csi_fir_interpolate_init_q15.o
          0          0          0          0          0   csi_fir_interpolate_init_q31.o
          0          0          0          0          0   csi_fir_lattice_init_f32.o
          0          0          0          0          0   csi_fir_lattice_init_q15.o
          0          0          0          0          0   csi_fir_lattice_init_q31.o
          0          0          0          0          0   csi_fir_sparse_init_f32.o
          0          0          0          0          0   csi_fir_sparse_init_q15.o
          0          0          0          0          0   csi_fir_sparse_init_q31.o
          0          0          0          0          0   csi_fir_sparse_init_q7.o
          0          0          0          0          0   csi_iir_lattice_init_f32.o
          0          0          0          0          0   csi_iir_lattice_init_q15.o
          0          0          0          0          0   csi_iir_lattice_init_q31.o
          0          0          0          0          0   csi_lms_init_f32.o
          0          0          0          0          0   csi_lms_init_q15.o
          0          0          0          0          0   csi_lms_init_q31.o
          0          0          0          0          0   csi_lms_norm_init_f32.o
          0          0          0          0          0   csi_lms_norm_init_q15.o
          0          0          0          0          0   csi_lms_norm_init_q31.o
          0          0          0          0          0   csi_xt800p_biquad_cascade_df1_32x64_q31.o
          0          0          0          0          0   csi_xt800p_biquad_cascade_df1_fast_q15.o
          0          0          0          0          0   csi_xt800p_biquad_cascade_df1_fast_q31.o
          0          0          0          0          0   csi_xt800p_biquad_cascade_df1_q15.o
          0          0          0          0          0   csi_xt800p_biquad_cascade_df1_q31.o
          0          0          0          0          0   csi_xt800p_conv_fast_opt_q15.o
          0          0          0          0          0   csi_xt800p_conv_fast_q15.o
          0          0          0          0          0   csi_xt800p_conv_fast_q31.o
          0          0          0          0          0   csi_xt800p_conv_opt_q15.o
          0          0          0          0          0   csi_xt800p_conv_opt_q7.o
          0          0          0          0          0   csi_xt800p_conv_partial_fast_opt_q15.o
          0          0          0          0          0   csi_xt800p_conv_partial_fast_q15.o
          0          0          0          0          0   csi_xt800p_conv_partial_fast_q31.o
          0          0          0          0          0   csi_xt800p_conv_partial_opt_q15.o
          0          0          0          0          0   csi_xt800p_conv_partial_opt_q7.o
          0          0          0          0          0   csi_xt800p_conv_partial_q15.o
          0          0          0          0          0   csi_xt800p_conv_partial_q31.o
          0          0          0          0          0   csi_xt800p_conv_partial_q7.o
          0          0          0          0          0   csi_xt800p_conv_q15.o
          0          0          0          0          0   csi_xt800p_conv_q31.o
          0          0          0          0          0   csi_xt800p_conv_q7.o
          0          0          0          0          0   csi_xt800p_correlate_fast_opt_q15.o
          0          0          0          0          0   csi_xt800p_correlate_fast_q15.o
          0          0          0          0          0   csi_xt800p_correlate_fast_q31.o
          0          0          0          0          0   csi_xt800p_correlate_opt_q15.o
          0          0          0          0          0   csi_xt800p_correlate_opt_q7.o
          0          0          0          0          0   csi_xt800p_correlate_q15.o
          0          0          0          0          0   csi_xt800p_correlate_q31.o
          0          0          0          0          0   csi_xt800p_correlate_q7.o
          0          0          0          0          0   csi_xt800p_fir_decimate_fast_q15.o
          0          0          0          0          0   csi_xt800p_fir_decimate_fast_q31.o
          0          0          0          0          0   csi_xt800p_fir_decimate_q15.o
          0          0          0          0          0   csi_xt800p_fir_decimate_q31.o
          0          0          0          0          0   csi_xt800p_fir_fast_q15.o
          0          0          0          0          0   csi_xt800p_fir_fast_q31.o
          0          0          0          0          0   csi_xt800p_fir_interpolate_q15.o
          0          0          0          0          0   csi_xt800p_fir_interpolate_q31.o
          0          0          0          0          0   csi_xt800p_fir_lattice_q15.o
          0          0          0          0          0   csi_xt800p_fir_lattice_q31.o
          0          0          0          0          0   csi_xt800p_fir_q15.o
          0          0          0          0          0   csi_xt800p_fir_q31.o
          0          0          0          0          0   csi_xt800p_fir_q7.o
          0          0          0          0          0   csi_xt800p_fir_sparse_q15.o
          0          0          0          0          0   csi_xt800p_fir_sparse_q31.o
          0          0          0          0          0   csi_xt800p_fir_sparse_q7.o
          0          0          0          0          0   csi_xt800p_iir_lattice_q15.o
          0          0          0          0          0   csi_xt800p_iir_lattice_q31.o
          0          0          0          0          0   csi_xt800p_lms_norm_q15.o
          0          0          0          0          0   csi_xt800p_lms_norm_q31.o
          0          0          0          0          0   csi_xt800p_lms_q15.o
          0          0          0          0          0   csi_xt800p_lms_q31.o
          0          0          0          0          0   csi_mat_add_f32.o
          0          0          0          0          0   csi_mat_cmplx_mult_f32.o
          0          0          0          0          0   csi_mat_init_f32.o
          0          0          0          0          0   csi_mat_init_q15.o
          0          0          0          0          0   csi_mat_init_q31.o
          0          0          0          0          0   csi_mat_inverse_f32.o
          0          0          0          0          0   csi_mat_inverse_f64.o
          0          0          0          0          0   csi_mat_mult_f32.o
          0          0          0          0          0   csi_mat_scale_f32.o
          0          0          0          0          0   csi_mat_sub_f32.o
          0          0          0          0          0   csi_mat_trans_f32.o
          0          0          0          0          0   csi_xt800p_mat_add_q15.o
          0          0          0          0          0   csi_xt800p_mat_add_q31.o
          0          0          0          0          0   csi_xt800p_mat_cmplx_mult_q15.o
          0          0          0          0          0   csi_xt800p_mat_cmplx_mult_q31.o
          0          0          0          0          0   csi_xt800p_mat_mult_fast_q15.o
          0          0          0          0          0   csi_xt800p_mat_mult_fast_q31.o
          0          0          0          0          0   csi_xt800p_mat_mult_q15.o
          0          0          0          0          0   csi_xt800p_mat_mult_q31.o
          0          0          0          0          0   csi_xt800p_mat_scale_q15.o
          0          0          0          0          0   csi_xt800p_mat_scale_q31.o
          0          0          0          0          0   csi_xt800p_mat_sub_q15.o
          0          0          0          0          0   csi_xt800p_mat_sub_q31.o
          0          0          0          0          0   csi_xt800p_mat_trans_q15.o
          0          0          0          0          0   csi_xt800p_mat_trans_q31.o
          0          0          0          0          0   csi_max_f32.o
          0          0          0          0          0   csi_mean_f32.o
          0          0          0          0          0   csi_min_f32.o
          0          0          0          0          0   csi_power_f32.o
          0          0          0          0          0   csi_rms_f32.o
          0          0          0          0          0   csi_std_f32.o
          0          0          0          0          0   csi_var_f32.o
          0          0          0          0          0   csi_xt800p_max_q15.o
          0          0          0          0          0   csi_xt800p_max_q31.o
          0          0          0          0          0   csi_xt800p_max_q7.o
          0          0          0          0          0   csi_xt800p_mean_q15.o
          0          0          0          0          0   csi_xt800p_mean_q31.o
          0          0          0          0          0   csi_xt800p_mean_q7.o
          0          0          0          0          0   csi_xt800p_min_q15.o
          0          0          0          0          0   csi_xt800p_min_q31.o
          0          0          0          0          0   csi_xt800p_min_q7.o
          0          0          0          0          0   csi_xt800p_power_q15.o
          0          0          0          0          0   csi_xt800p_power_q31.o
          0          0          0          0          0   csi_xt800p_power_int32.o
          0          0          0          0          0   csi_xt800p_power_q7.o
          0          0          0          0          0   csi_xt800p_rms_q15.o
          0          0          0          0          0   csi_xt800p_rms_q31.o
          0          0          0          0          0   csi_xt800p_std_q15.o
          0          0          0          0          0   csi_xt800p_std_q31.o
          0          0          0          0          0   csi_xt800p_var_q15.o
          0          0          0          0          0   csi_xt800p_var_q31.o
          0          0          0          0          0   csi_copy_f32.o
          0          0          0          0          0   csi_fill_f32.o
          0          0          0          0          0   csi_float_to_q15.o
          0          0          0          0          0   csi_float_to_q31.o
          0          0          0          0          0   csi_float_to_q7.o
          0          0          0          0          0   csi_q15_to_float.o
          0          0          0          0          0   csi_q31_to_float.o
          0          0          0          0          0   csi_q7_to_float.o
          0          0          0          0          0   csi_xt800p_copy_q15.o
          0          0          0          0          0   csi_xt800p_copy_q31.o
          0          0          0          0          0   csi_xt800p_copy_q7.o
          0          0          0          0          0   csi_xt800p_fill_q15.o
          0          0          0          0          0   csi_xt800p_fill_q31.o
          0          0          0          0          0   csi_xt800p_fill_q7.o
          0          0          0          0          0   csi_xt800p_q15_to_q31.o
          0          0          0          0          0   csi_xt800p_q15_to_q7.o
          0          0          0          0          0   csi_xt800p_q31_to_q15.o
          0          0          0          0          0   csi_xt800p_q31_to_q7.o
          0          0          0          0          0   csi_xt800p_q7_to_q15.o
          0          0          0          0          0   csi_xt800p_q7_to_q31.o
          0          0          0          0          0   csi_cfft_f32.o
          0          0          0          0          0   csi_cfft_radix2_f32.o
          0          0          0          0          0   csi_cfft_radix2_init_f32.o
          0          0          0          0          0   csi_cfft_radix2_init_q15.o
          0          0          0          0          0   csi_cfft_radix2_init_q31.o
          0          0          0          0          0   csi_cfft_radix2_q15.o
          0          0          0          0          0   csi_cfft_radix2_q31.o
          0          0          0          0          0   csi_cfft_radix4_f32.o
          0          0          0          0          0   csi_cfft_radix4_init_f32.o
          0          0          0          0          0   csi_cfft_radix4_init_q15.o
          0          0          0          0          0   csi_cfft_radix4_init_q31.o
          0          0          0          0          0   csi_cfft_radix4_q15.o
          0          0          0          0          0   csi_cfft_radix4_q31.o
          0          0          0          0          0   csi_radix8_butterfly_f32.o
          0          0          0          0          0   csi_dct4_f32.o
          0          0          0          0          0   csi_dct4_init_f32.o
          0          0          0          0          0   csi_dct4_init_q15.o
          0          0          0          0          0   csi_dct4_init_q31.o
          0          0          0          0          0   csi_rfft_f32.o
          0          0          0          0          0   csi_rfft_fast_f32.o
          0          0          0          0          0   csi_rfft_fast_init_f32.o
          0          0          0          0          0   csi_rfft_init_f32.o
          0          0          0          0          0   csi_rfft_init_q15.o
          0          0          0          0          0   csi_rfft_init_q31.o
          0          0          0          0          0   csi_bitreversal.o
          0          0          0          0          0   csi_bitreversal2.o
          0          0          0          0          0   csi_xt800p_cfft_split_q31.o
          0          0          0          0          0   csi_xt800p_rfft_split_q31.o
          0          0          0          0          0   csi_xt800p_rfft_split_q15.o
          0          0          0          0          0   csi_xt800p_cfft_split_q15.o
          0          0          0          0          0   csi_xt800p_cfft_q15.o
          0          0          0          0          0   csi_xt800p_cfft_q31.o
          0          0          0          0          0   csi_xt800p_cfft_radix4_q15.o
          0          0          0          0          0   csi_xt800p_cfft_radix4_q31.o
          0          0          0          0          0   csi_xt800p_dct4_q15.o
          0          0          0          0          0   csi_xt800p_dct4_q31.o
          0          0          0          0          0   csi_xt800p_rfft_q15.o
          0          0          0          0          0   csi_xt800p_rfft_q31.o
	------------------------------------------------------------
          0          0          0          0          0   Library Totals
          0          0          0          0          0   Pad
          0          0          0          0          0   LD_GEN

	------------------------------------------------------------
    [Library Name]: ../../../../W800/wm_iot_sdk_v2.4-rc/wm_iot_sdk/components/wm_soc/w80x/lib/libcsi_dsp2_nn.a
	------------------------------------------------------------
       Code    RO Data    RW Data    ZI Data      Debug   Library Member Name

          0          0          0          0          0   csi_xt800p_nn_activations_q15.o
          0          0          0          0          0   csi_xt800p_nn_activations_q7.o
          0          0          0          0          0   csi_xt800p_relu_q15.o
          0          0          0          0          0   csi_xt800p_relu_q7.o
          0          0          0          0          0   csi_xt800p_convolve_1x1_HWC_q7_fast.o
          0          0          0          0          0   csi_xt800p_convolve_HWC_q15_basic.o
          0          0          0          0          0   csi_xt800p_convolve_HWC_q7_RGB.o
          0          0          0          0          0   csi_xt800p_convolve_HWC_q7_basic.o
          0          0          0          0          0   csi_xt800p_depthwise_separable_conv_HWC_q7.o
          0          0          0          0          0   csi_xt800p_fully_connected_mat_q7_vec_q15.o
          0          0          0          0          0   csi_xt800p_fully_connected_q15.o
          0          0          0          0          0   csi_xt800p_fully_connected_q7.o
          0          0          0          0          0   csi_xt800p_nntables.o
          0          0          0          0          0   csi_xt800p_pool_q7_HWC.o
          0          0          0          0          0   csi_xt800p_softmax_q15.o
          0          0          0          0          0   csi_xt800p_softmax_q7.o
	------------------------------------------------------------
          0          0          0          0          0   Library Totals
          0          0          0          0          0   Pad
          0          0          0          0          0   LD_GEN

	------------------------------------------------------------
    [Library Name]: components/xt804/libxt804.a
	------------------------------------------------------------
       Code    RO Data    RW Data    ZI Data      Debug   Library Member Name

        136          0          0        256      23557   isr.c.obj
        210          0        256          0      49518   cpu_init.c.obj
        358         61          0          0      76319   libc_port.c.obj
        312        487          0          0      21997   trap_c.c.obj
        144          0          0       4096        392   startup.S.obj
         80          0          0        516        364   vectors.S.obj
	------------------------------------------------------------
       1240        548        256       4868     172147   Library Totals
          0          0          0          0          0   Pad
          0          0          0          0          0   LD_GEN

	------------------------------------------------------------
    [Library Name]: components/wm_system/libwm_system.a
	------------------------------------------------------------
       Code    RO Data    RW Data    ZI Data      Debug   Library Member Name

        784         81          0          0      94419   wm_osal.c.obj
        568        166          0          0      96280   wm_system.c.obj
	------------------------------------------------------------
       1352        247          0          0     190699   Library Totals
          0          0          0          0          0   Pad
          0          0          0          0          0   LD_GEN

	------------------------------------------------------------
    [Library Name]: components/wm_soc/libwm_soc.a
	------------------------------------------------------------
       Code    RO Data    RW Data    ZI Data      Debug   Library Member Name

          0        222          0          0      26399   wm_gpio_map.c.obj
          0          5        132          0      22143   wm_memory_layout.c.obj
        260          6          0          4      40348   wm_printf_port.c.obj
        180         13          0          0      72684   wm_soc_init.c.obj
	------------------------------------------------------------
        440        246        132          4     161574   Library Totals
          0          0          0          0          0   Pad
          0          0          0          0          0   LD_GEN

	------------------------------------------------------------
    [Library Name]: ../../../../W800/wm_iot_sdk_v2.4-rc/wm_iot_sdk/components/wm_soc/w80x/lib/librf.a
	------------------------------------------------------------
       Code    RO Data    RW Data    ZI Data      Debug   Library Member Name

       1982         91        164        248     128425   tls_wl_rf.c.obj
       5220        399        120         16     101840   tx_lo_cal.c.obj
        382       2048          0          8      18362   tls_rf_fft.c.obj
          0          0          0          0          0   tls_rf_tx_iq.c.obj
          0          0          0          0          0   rx_iq_mismatch.c.obj
	------------------------------------------------------------
       7584       2538        284        272     248627   Library Totals
          0          0          0          0          0   Pad
          0          0          0          0          0   LD_GEN

	------------------------------------------------------------
    [Library Name]: components/wm_log/libwm_log.a
	------------------------------------------------------------
       Code    RO Data    RW Data    ZI Data      Debug   Library Member Name

         84          0          5          0      51666   wm_log.c.obj
	------------------------------------------------------------
         84          0          5          0      51666   Library Totals
          0          0          0          0          0   Pad
          0          0          0          0          0   LD_GEN

	------------------------------------------------------------
    [Library Name]: components/wm_heap/libwm_heap.a
	------------------------------------------------------------
       Code    RO Data    RW Data    ZI Data      Debug   Library Member Name

        952        325          0         44      65383   wm_heap.c.obj
	------------------------------------------------------------
        952        325          0         44      65383   Library Totals
          0          0          0          0          0   Pad
          0          0          0          0          0   LD_GEN

	------------------------------------------------------------
    [Library Name]: components/wm_hal/libwm_hal.a
	------------------------------------------------------------
       Code    RO Data    RW Data    ZI Data      Debug   Library Member Name

       2038        180          0          0      47027   wm_ll_pwm.c.obj
        548        324          4          0      44185   wm_hal_irq.c.obj
       3026          0          1         25      93354   wm_hal_uart.c.obj
       4326         24          0          0      87436   wm_hal_pwm.c.obj
       1958        150          0          0      86488   wm_hal_i2s.c.obj
        434          0          0          0      45780   wm_hal_rtc.c.obj
        860        182          0          0      48309   wm_hal_pmu.c.obj
       1676        155          0          1      67861   wm_hal_gpio.c.obj
        430          0          0          0      40725   wm_hal_wdt.c.obj
       1760        691         32        188      82100   wm_hal_dma.c.obj
        944         35          0          0      48403   wm_hal_i2c.c.obj
        678         72          0          0      39569   wm_hal_rcc.c.obj
       1522        563          0          0      76401   wm_hal_flash.c.obj
        480        106          0          0      66053   wm_hal_crc.c.obj
        464         96          0          0      67731   wm_hal_hash.c.obj
        592        112          0          0      66784   wm_hal_rng.c.obj
	------------------------------------------------------------
      21736       2690         37        214    1008206   Library Totals
          0          0          0          0          0   Pad
          0          0          0          0          0   LD_GEN

	------------------------------------------------------------
    [Library Name]: components/wm_ft_param/libwm_ft_param.a
	------------------------------------------------------------
       Code    RO Data    RW Data    ZI Data      Debug   Library Member Name

       1274        381          4        224      71139   wm_ft_param.c.obj
	------------------------------------------------------------
       1274        381          4        224      71139   Library Totals
          0          0          0          0          0   Pad
          0          0          0          0          0   LD_GEN

	------------------------------------------------------------
    [Library Name]: components/wm_dt/libwm_dt.a
	------------------------------------------------------------
       Code    RO Data    RW Data    ZI Data      Debug   Library Member Name

       1662        413          8         16      69211   wm_dt.c.obj
	------------------------------------------------------------
       1662        413          8         16      69211   Library Totals
          0          0          0          0          0   Pad
          0          0          0          0          0   LD_GEN

	------------------------------------------------------------
    [Library Name]: components/wm_debug/libwm_debug.a
	------------------------------------------------------------
       Code    RO Data    RW Data    ZI Data      Debug   Library Member Name

        212         15          0          0      71704   wm_debug.c.obj
	------------------------------------------------------------
        212         15          0          0      71704   Library Totals
          0          0          0          0          0   Pad
          0          0          0          0          0   LD_GEN

	------------------------------------------------------------
    [Library Name]: components/wm_common/libwm_common.a
	------------------------------------------------------------
       Code    RO Data    RW Data    ZI Data      Debug   Library Member Name

          0          0          0          0          0   getopt.c.obj
         48          0          0          0      67802   wm_utils.c.obj
	------------------------------------------------------------
         48          0          0          0      67802   Library Totals
          0          0          0          0          0   Pad
          0          0          0          0          0   LD_GEN

	------------------------------------------------------------
    [Library Name]: components/partition_table/libpartition_table.a
	------------------------------------------------------------
       Code    RO Data    RW Data    ZI Data      Debug   Library Member Name

        636        337          0          9      68222   wm_partition_table.c.obj
	------------------------------------------------------------
        636        337          0          9      68222   Library Totals
          0          0          0          0          0   Pad
          0          0          0          0          0   LD_GEN

	------------------------------------------------------------
    [Library Name]: components/freertos/libfreertos.a
	------------------------------------------------------------
       Code    RO Data    RW Data    ZI Data      Debug   Library Member Name

          0          0          0          0          0   croutine.c.obj
          0          0          0          0          0   event_groups.c.obj
        134          0          0          0      50517   list.c.obj
       2720       1366          0          0      76485   queue.c.obj
          0          0          0          0          0   stream_buffer.c.obj
       3108        822          0        476      89584   tasks.c.obj
       1040        328          0       2188      70300   timers.c.obj
        698         31          4       3288      67402   port.c.obj
        160          0          0          0        422   cpu_task_sw.S.obj
	------------------------------------------------------------
       7860       2547          4       5952     354710   Library Totals
          0          0          0          0          0   Pad
          0          0          0          0          0   LD_GEN

	------------------------------------------------------------
    [Library Name]: components/driver/libdriver.a
	------------------------------------------------------------
       Code    RO Data    RW Data    ZI Data      Debug   Library Member Name

         16          0          0          0      40004   wm_drv_irq.c.obj
       3608         80          0          0     128749   wm_drv_uart.c.obj
       1298        218         24          0      98894   wm_drv_pwm.c.obj
       1790        919          0          0      93711   wm_drv_i2s.c.obj
       2530        619          0          0      84083   wm_drv_rtc.c.obj
       1558        417          0          0      73709   wm_drv_pmu.c.obj
       2056        360          0          8      77861   wm_drv_gpio.c.obj
       1196        293          0          0      69921   wm_drv_wdt.c.obj
       1590        250        140        224      88443   wm_drv_dma.c.obj
        248          8          0          0      36888   wm_drv_i2c.c.obj
        830         16          0          0      70009   wm_drv_ops_i2c.c.obj
       1516         43          0          0      79124   wm_drv_ops_i2c_soft.c.obj
          0          0          0          0          0   wm_drv_eeprom.c.obj
        846         24          0          0      67397   wm_drv_eeprom_nv24c0x.c.obj
       1444        361          0        204      78928   wm_drv_rcc.c.obj
       2310        608          0          0      77157   wm_drv_flash.c.obj
       1006        211          0          0      76860   wm_drv_crc.c.obj
       1940        381          0          4      81513   wm_drv_hash.c.obj
        992        187          0          0      75659   wm_drv_rng.c.obj
	------------------------------------------------------------
      26774       4995        164        440    1398910   Library Totals
          0          0          0          0          0   Pad
          0          0          0          0          0   LD_GEN

	------------------------------------------------------------
    [Library Name]: d:/winnermicro/wmclics/toolchain/csky-elfabiv2-tools/bin/../lib/gcc/csky-elfabiv2/6.3.0/ck803/hard-fp\libgcc.a
	------------------------------------------------------------
       Code    RO Data    RW Data    ZI Data      Debug   Library Member Name

          0          0          0          0          0   _fixunsdfsi.o
          0          0          0          0          0   _fixsfdi.o
          0          0          0          0          0   _fixunssfdi.o
          0          0          0          0          0   _floatdidf.o
        864          0          0          0          0   _divdi3.o
         42          0          0          0          0   _sf_to_df.o
        816          0          0          0          0   _addsub_df.o
        512          0          0          0          0   _mul_df.o
        280          0          0          0          0   _div_df.o
         56          0          0          0          0   _eq_df.o
          0          0          0          0          0   _ne_df.o
         64          0          0          0          0   _gt_df.o
          0          0          0          0          0   _ge_df.o
        104          0          0          0          0   _si_to_df.o
        112          0          0          0          0   _df_to_si.o
         46          0          0          0          0   _make_df.o
         52          0          0          0          0   _df_to_sf.o
          0         20          0          0          0   _thenan_df.o
         86          0          0          0          0   _usi_to_df.o
         74          0          0          0          0   _muldi3.o
          0        256          0          0          0   _clz.o
        124          0          0          0          0   _unpack_sf.o
         22          0          0          0          0   _make_sf.o
        398          0          0          0          0   _pack_df.o
        228          0          0          0          0   _unpack_df.o
        194          0          0          0          0   _fpcmp_parts_df.o
        192          0          0          0          0   _pack_sf.o
        820          0          0          0          0   _udivdi3.o
        804          0          0          0          0   _umoddi3.o
	------------------------------------------------------------
       5890        276          0          0          0   Library Totals
          0          0          0          0          0   Pad
          0          0          0          0          0   LD_GEN

	------------------------------------------------------------
    [Library Name]: d:/winnermicro/wmclics/toolchain/csky-elfabiv2-tools/bin/../lib/gcc/csky-elfabiv2/6.3.0/../../../../csky-elfabiv2/lib/ck803/hard-fp\libc.a
	------------------------------------------------------------
       Code    RO Data    RW Data    ZI Data      Debug   Library Member Name

          0          0          0          0          0   isprint.o
          0          0          0          0          0   isxdigit_fast.o
          0          0          0          0          0   tolower.o
         20          0          0          0          0   isspace.o
          0          0          0          0          0   sprintf_required.o
          0          0          0          0          0   stdinit.o
        172          0          0          0          0   vsnprintf_required.o
         40          0          4          0          0   rand.o
        288          0          0          0          0   strtol.o
         80          0          0          0          0   qsort.o
         12          0          0          0          0   atoi.o
        214          0          0          0          0   strcmp_fast.o
        160          0          0          0          0   memset_fast.o
         62          0          0          0          0   strlen_fast.o
          0          0          0          0          0   memmove_fast.o
        202          0          0          0          0   strcpy_fast.o
         42          0          0          0          0   strstr.o
        126          0          0          0          0   memcpy_fast.o
         18          0          0          0          0   strchr.o
          0          0          0          0          0   strncpy.o
        330          0          0          0          0   memcmp_fast.o
          8          0          0          0          0   isdigit.o
          0          0          0          0          0   __cytpe.o
          8          0          0          0          0   isupper.o
         18          0          0          0          0   isalpha.o
          0          0          0          8          0   minilibc_init.o
          0          0          0          0          0   critical.o
          0          0          0          0          0   vsprintf_required.o
       1884         66          0          0          0   __v2_printfDFHLlMOPpSSsWp.o
       1058          0          0          0          0   __dtostr.o
         42          0          0          0          0   __isnan.o
         28       2624          0          0          0   strerror.o
         42          0          0          0          0   __isinf.o
	------------------------------------------------------------
       4854       2690          4          8          0   Library Totals
          0          0          0          0          0   Pad
          0          0          0          0          0   LD_GEN

	------------------------------------------------------------
    [Library Name]: d:/winnermicro/wmclics/toolchain/csky-elfabiv2-tools/bin/../lib/gcc/csky-elfabiv2/6.3.0/ck803/hard-fp\libgcc.a
	------------------------------------------------------------
       Code    RO Data    RW Data    ZI Data      Debug   Library Member Name

         56          0          0          0          0   _lt_df.o
	------------------------------------------------------------
         56          0          0          0          0   Library Totals
          0          0          0          0          0   Pad
          0          0          0          0          0   LD_GEN

	------------------------------------------------------------

======================================================================


       Code    RO Data    RW Data    ZI Data      Debug
      84308      20202        924      12100    4298379   Grand Totals
      84308      20202        924      12100    4298379   Elf Image Totals
      84308      20202        924          0          0   ROM Totals

======================================================================

Total	RO	Size (Code + RO Data)				104510 (  102.06kB)
Total	RW	Size (RW Data + ZI Data)			13024 (  12.72kB)
Total	ROM	Size (Code + RO Data + RW Data)		105434 (  102.96kB)

======================================================================
