Csky GNU Linker

======================================================================

Section Cross References

	wm_system.c.obj(.text.wm_start_task) refers to main.c.obj(.text.startup.main) for main
	bsp_rgb.c.obj(.text.bsp_rgb_off) refers to bsp_rgb.c.obj(.text.bsp_rgb_set_rgb8) for bsp_rgb_set_rgb8
	rgb_led.c.obj(.text.rgb_led_apply_output) refers to bsp_rgb.c.obj(.text.bsp_rgb_set_rgb8) for bsp_rgb_set_rgb8
	bsp_rgb.c.obj(.text.bsp_rgb_init) refers to bsp_rgb.c.obj(.text.bsp_rgb_off) for bsp_rgb_off
	rgb_led.c.obj(.text.rgb_led_init) refers to bsp_rgb.c.obj(.text.bsp_rgb_off) for bsp_rgb_off
	rgb_led.c.obj(.text.rgb_led_init) refers to bsp_rgb.c.obj(.text.bsp_rgb_init) for bsp_rgb_init
	rgb_led.c.obj(.text.rgb_led_set_effect) refers to rgb_led.c.obj(.text.rgb_led_init) for rgb_led_init
	test_rgb.c.obj(.text.rgb_test_task) refers to rgb_led.c.obj(.text.rgb_led_init) for rgb_led_init
	test_rgb.c.obj(.text.rgb_test_task) refers to rgb_led.c.obj(.text.rgb_led_set_effect) for rgb_led_set_effect
	test_rgb.c.obj(.text.rgb_test_task) refers to rgb_led.c.obj(.text.rgb_led_task_tick) for rgb_led_task_tick
	main.c.obj(.text.startup.main) refers to test_rgb.c.obj(.text.test_rgb_init) for test_rgb_init
	wm_hal_rng.c.obj(.text.wm_hal_rng_init) refers to cpu_init.c.obj(.text.mdelay) for mdelay
	startup.S.obj(.text) refers to cpu_init.c.obj(.text.cpu_init) for cpu_init
	wm_soc_init.c.obj(.text.soc_init) refers to libc_port.c.obj(.text.cxx_system_init) for cxx_system_init
	tx_lo_cal.c.obj(.text.LO_leakage_func_method) refers to libc_port.c.obj(.text.printf) for printf
	port.c.obj(.text.vApplicationStackOverflowHook) refers to libc_port.c.obj(.text.printf) for printf
	wm_hal_irq.c.obj(.text.wm_hal_irq_unexpected_handler) refers to libc_port.c.obj(.text.wm_printf_direct) for wm_printf_direct
	wm_hal_irq.c.obj(.text.wm_hal_irq_attach_sw_vector) refers to libc_port.c.obj(.text.wm_printf_direct) for wm_printf_direct
	wm_hal_irq.c.obj(.text.wm_hal_irq_detach_sw_vector) refers to libc_port.c.obj(.text.wm_printf_direct) for wm_printf_direct
	wm_hal_irq.c.obj(.text.wm_hal_irq_attach_hw_vector) refers to libc_port.c.obj(.text.wm_printf_direct) for wm_printf_direct
	libc_port.c.obj(.text.__assert_fail) refers to libc_port.c.obj(.text.wm_printf_direct) for wm_printf_direct
	trap_c.c.obj(.text.trap_c) refers to libc_port.c.obj(.text.wm_printf_direct) for wm_printf_direct
	wm_hal_irq.c.obj(.text.wm_hal_irq_release_critical) refers to libc_port.c.obj(.text.__assert_fail) for __assert_fail
	wm_hal_dma.c.obj(.text.wm_hal_dma_register_callback) refers to libc_port.c.obj(.text.__assert_fail) for __assert_fail
	wm_hal_dma.c.obj(.text.wm_hal_dma_unregister_callback) refers to libc_port.c.obj(.text.__assert_fail) for __assert_fail
	wm_hal_dma.c.obj(.text.wm_hal_dma_config) refers to libc_port.c.obj(.text.__assert_fail) for __assert_fail
	wm_hal_dma.c.obj(.text.wm_hal_dma_config_partial) refers to libc_port.c.obj(.text.__assert_fail) for __assert_fail
	wm_hal_dma.c.obj(.text.wm_hal_dma_start) refers to libc_port.c.obj(.text.__assert_fail) for __assert_fail
	wm_hal_dma.c.obj(.text.wm_hal_dma_stop) refers to libc_port.c.obj(.text.__assert_fail) for __assert_fail
	wm_hal_dma.c.obj(.text.wm_hal_dma_ch_isr_entry) refers to libc_port.c.obj(.text.__assert_fail) for __assert_fail
	wm_hal_dma.c.obj(.text.wm_hal_dma_isr_entry) refers to libc_port.c.obj(.text.__assert_fail) for __assert_fail
	wm_hal_dma.c.obj(.text.wm_hal_dma_get_status) refers to libc_port.c.obj(.text.__assert_fail) for __assert_fail
	wm_hal_dma.c.obj(.text.wm_hal_dma_request_ch) refers to libc_port.c.obj(.text.__assert_fail) for __assert_fail
	wm_hal_dma.c.obj(.text.wm_hal_dma_release_ch) refers to libc_port.c.obj(.text.__assert_fail) for __assert_fail
	wm_hal_dma.c.obj(.text.wm_hal_dma_clr_req) refers to libc_port.c.obj(.text.__assert_fail) for __assert_fail
	wm_heap.c.obj(.text.wm_heap_caps_alloc_tracing) refers to libc_port.c.obj(.text.__assert_fail) for __assert_fail
	wm_heap.c.obj(.text.wm_heap_caps_free) refers to libc_port.c.obj(.text.__assert_fail) for __assert_fail
	wm_hal_pmu.c.obj(.text.wm_hal_pmu_irq_handle) refers to libc_port.c.obj(.text.__assert_fail) for __assert_fail
	queue.c.obj(.text.xQueueGenericReset) refers to libc_port.c.obj(.text.__assert_fail) for __assert_fail
	queue.c.obj(.text.xQueueGenericCreateStatic) refers to libc_port.c.obj(.text.__assert_fail) for __assert_fail
	queue.c.obj(.text.xQueueGenericCreate) refers to libc_port.c.obj(.text.__assert_fail) for __assert_fail
	queue.c.obj(.text.xQueueCreateCountingSemaphore) refers to libc_port.c.obj(.text.__assert_fail) for __assert_fail
	queue.c.obj(.text.xQueueGenericSend) refers to libc_port.c.obj(.text.__assert_fail) for __assert_fail
	queue.c.obj(.text.xQueueGiveMutexRecursive) refers to libc_port.c.obj(.text.__assert_fail) for __assert_fail
	queue.c.obj(.text.xQueueGenericSendFromISR) refers to libc_port.c.obj(.text.__assert_fail) for __assert_fail
[...]
	__pack_d                           0x0801034c      F      398  .text
	__unpack_d                         0x080104dc      F      228  .text
	__fpcmp_parts_d                    0x080105c0      F      194  .text
	__pack_f                           0x08010684      F      192  .text
	__GI_isspace                       0x08010744      F       20  .text
	isspace                            0x08010744    w F       20  .text
	__cskyvprintfvsnprintf             0x08010798      F      102  .text
	__GI_rand                          0x08010804      F        0  .text
	rand                               0x08010804    w F       20  .text
	__GI_srand                         0x08010820      F        6  .text
	srand                              0x08010820    w F        6  .text
	__GI_strtol                        0x0801082c      F      284  .text
	strtol                             0x0801082c    w F      284  .text
	__GI_qsort                         0x0801094c      F       80  .text
	qsort                              0x0801094c    w F       80  .text
	atoi                               0x0801099c      F       12  .text
	__strcmp_fast                      0x080109a8    w F      214  .text
	strcmp                             0x080109a8    w F      214  .text
	__memset_fast                      0x08010a80    w F      160  .text
	memset                             0x08010a80    w F      160  .text
	__strlen_fast                      0x08010b20    w F       62  .text
	strlen                             0x08010b20    w F       62  .text
	__strcpy_fast                      0x08010b60    w F      202  .text
	strcpy                             0x08010b60    w F      202  .text
	__GI_strstr                        0x08010c2c      F       42  .text
	strstr                             0x08010c2c    w F       42  .text
	__memcpy_fast                      0x08010c58    w F      126  .text
	memcpy                             0x08010c58    w F      126  .text
	__GI_strchr                        0x08010cd8      F       18  .text
	strchr                             0x08010cd8    w F       18  .text
	__memcmp_fast                      0x08010cec    w F      330  .text
	memcmp                             0x08010cec    w F      330  .text
	__GI_isdigit                       0x08010e38      F        8  .text
	isdigit                            0x08010e38    w F        8  .text
	__GI_isupper                       0x08010e40      F        8  .text
	isupper                            0x08010e40    w F        8  .text
	__GI_isalpha                       0x08010e48      F       18  .text
	isalpha                            0x08010e48    w F       18  .text
	__v2_printf                        0x08010e98      F     1824  .text
	__v2_printf$DFHLlMOPpSSsWp         0x08010e98      F     1824  .text
	__udivdi3                          0x080115b8      F      814  .text
	__umoddi3                          0x080118ec      F      800  .text
	__GI___dtostr                      0x08011c10      F     1058  .text
	__dtostr                           0x08011c10      F     1058  .text
	__isnan                            0x08012034      F       42  .text
	__GI_strerror                      0x08012060      F       18  .text
	strerror                           0x08012060      F       18  .text
	__isinf                            0x0801207c      F       42  .text
	__ltdf2                            0x080120a8      F       56  .text
	main                               0x080120e0      F        8  .text
	bsp_rgb_set_rgb8                   0x0801216c      F       52  .text
	bsp_rgb_off                        0x080121a4      F       14  .text
	bsp_rgb_init                       0x080121b4      F      248  .text
	rgb_led_init                       0x080123bc      F       34  .text
	rgb_led_set_effect                 0x080123e4      F       62  .text
	rgb_led_task_tick                  0x08012428      F       38  .text
	test_rgb_init                      0x080124e4      F       28  .text
	irq_interrupt_entry                0x08012508      F       80  .text
	coret_irq_handler                  0x0801255c      F       48  .text
	mdelay                             0x080125e8      F       22  .text
	cpu_init                           0x08012600      F       76  .text
	cxx_system_init                    0x08012714    w F       20  .text
	vprintf                            0x08012730      F       14  .text
	printf                             0x08012740      F       38  .text
	wm_printf_direct                   0x08012768      F       38  .text
	__assert_fail                      0x08012790    w F       40  .text
	trap_c                             0x080127c4      F      230  .text
	wm_os_internal_task_create         0x08012914      F       52  .text
	wm_os_internal_task_del            0x08012948      F       10  .text
	wm_os_internal_task_schedule_state 0x08012954      F        8  .text
	wm_os_internal_recursive_mutex_create0x0801295c      F       22  .text
	wm_os_internal_recursive_mutex_delete0x08012974      F       10  .text
	wm_os_internal_recursive_mutex_acquire0x08012980      F       78  .text
	wm_os_internal_recursive_mutex_release0x080129d0      F       72  .text
	wm_os_internal_mutex_create        0x08012a18      F       22  .text
	wm_os_internal_mutex_delete        0x08012a30      F       10  .text
	wm_os_internal_mutex_acquire       0x08012a3c      F       78  .text
	wm_os_internal_sem_create          0x08012a8c      F       22  .text
	wm_os_internal_sem_delete          0x08012aa4      F       10  .text
	wm_os_internal_sem_acquire         0x08012ab0      F       78  .text
	wm_os_internal_sem_reset           0x08012b00      F       20  .text
	wm_os_internal_sem_release         0x08012b14      F       78  .text
	wm_os_internal_mutex_release       0x08012b64      F        8  .text
	wm_os_internal_get_time_ms         0x08012b6c      F        8  .text
	wm_os_internal_set_critical        0x08012b74      F        8  .text
	wm_os_internal_release_critical    0x08012b7c      F        8  .text
	wm_os_internal_init                0x08012b84      F       18  .text
	wm_os_internal_start_scheduler     0x08012b9c      F        8  .text
	wm_os_internal_get_isr_count       0x08012ba4      F       10  .text
	csi_kernel_intrpt_enter            0x08012bb0      F        4  .text
	csi_kernel_intrpt_exit             0x08012bb4      F       14  .text
	wm_os_internal_calloc_tracing      0x08012bc4      F       32  .text
	malloc                             0x08012be4      F       16  .text
	free                               0x08012bf8      F        8  .text
	calloc                             0x08012c00      F       14  .text
	wm_start                           0x08012d84      F      168  .text
	wm_log_port_init                   0x08012e4c      F      246  .text
	wm_soc_basic_init                  0x08012f50      F      122  .text
	soc_init                           0x08012fd8      F       36  .text
	rc_update_cw9_gain                 0x0801301c    w F        2  .text
	rf_spi_write                       0x08013020      F       44  .text
	wm_rf_write                        0x08013020      F       44  .text
	rf_spi_read                        0x08013050      F       44  .text
	wm_rf_read                         0x08013050      F       44  .text
	delay_us                           0x08013080      F      102  .text
	tls_rf_freqerr_adjust              0x080130e8      F      252  .text
	wm_rf_band_switch                  0x080131f4      F      540  .text
	wm_rf_check                        0x080137a0      F       40  .text
	prepare_IQ_data                    0x080137c8      F      104  .text
	data_acquire_once                  0x08013840      F       44  .text
	read_IQ_data                       0x0801386c      F      134  .text
	rf_data_sample_fft_cal             0x08013904      F       42  .text
	rf_data_sample_correlation_cal     0x08013938      F      310  .text
	LO_Leakage_correlation             0x08013a8c      F     2796  .text
	lo_pwr_cal_method                  0x08014578      F      296  .text
	LO_leakage_fft                     0x080146a8      F      690  .text
	LO_leakage_func_method             0x08014960      F      608  .text
	rf_loleakage_cal                   0x08014c04      F       36  .text
	fftr2_dit_new                      0x08014c2c      F      194  .text
	ReverseBits                        0x08014cf8      F       28  .text
	NumberOfBitsNeeded                 0x08014d14      F       22  .text
	bit_rev                            0x08014d2c      F      100  .text
	fft                                0x08014d98      F       20  .text
	wm_log_vprintf                     0x08014dac      F       40  .text
	wm_log_printf                      0x08014ddc      F       32  .text
	wm_log_init                        0x08014dfc      F        4  .text
	wm_heap_get_free_size              0x08014e44      F        6  .text
	wm_heap_caps_alloc_tracing         0x08014e50      F      376  .text
	wm_heap_caps_free                  0x08014fec      F      164  .text
	wm_heap_init                       0x080150a8      F      178  .text
	wm_heap_append_to_heap             0x08015174      F       60  .text
	wm_ll_pwm_set_clkdiv               0x080151b8      F      112  .text
	wm_ll_pwm_get_clkdiv               0x08015228      F       78  .text
	wm_ll_pwm_set_chan_cnt_en          0x08015278      F       36  .text
	wm_ll_pwm_set_chans_cnt_en         0x0801529c      F       24  .text
	wm_ll_pwm_set_chans_map_cnt_en     0x080152b4      F       26  .text
	wm_ll_pwm_set_capture_inv_en       0x080152d0      F       24  .text
	wm_ll_pwm_get_capture_inv_en       0x080152e8      F       20  .text
	wm_ll_pwm_set_capture_en           0x080152fc      F       28  .text
	wm_ll_pwm_get_capture_en           0x08015318      F       28  .text
	wm_ll_pwm_set_cnt_type             0x08015334      F       64  .text
	wm_ll_pwm_set_twosync_mode_en      0x08015374      F       54  .text
	wm_ll_pwm_set_ch_output_state      0x080153ac      F       30  .text
	wm_ll_pwm_set_autoload_mode_en     0x080153cc      F       58  .text
	wm_ll_pwm_get_autoload_mode_en     0x08015408      F       44  .text
	wm_ll_pwm_set_output_ploarity_inv_en0x08015434      F       58  .text
	wm_ll_pwm_get_output_ploarity_inv_en0x08015470      F       44  .text
	wm_ll_pwm_set_complement_en        0x0801549c      F       50  .text
	wm_ll_pwm_set_period               0x080154d0      F      116  .text
	wm_ll_pwm_get_period               0x08015544      F       78  .text
	wm_ll_pwm_set_period_num           0x08015594      F      112  .text
	wm_ll_pwm_get_period_num           0x08015604      F       78  .text
	wm_ll_pwm_set_cmp_cnt              0x08015654      F      112  .text
	wm_ll_pwm_get_cmp_cnt              0x080156c4      F       78  .text
	wm_ll_pwm_get_dead_time_en         0x08015714      F       28  .text
	wm_ll_pwm_set_dead_time_en         0x08015730      F       26  .text
	wm_ll_pwm_set_dead_time_cnt        0x0801574c      F       48  .text
	wm_ll_pwm_get_dead_time_cnt        0x0801577c      F       38  .text
	wm_ll_pwm_set_dma_request_int_en   0x080157a4      F       28  .text
	wm_ll_pwm_set_falling_int_en       0x080157c0      F       28  .text
	wm_ll_pwm_set_rising_int_en        0x080157dc      F       28  .text
	wm_ll_pwm_set_period_int_en        0x080157f8      F       36  .text
	wm_ll_pwm_get_period_int_en        0x0801581c      F       24  .text
	wm_ll_pwm_get_cnt_overflow_status  0x08015834      F       28  .text
	wm_ll_pwm_get_falling_int_overrun_status0x08015850      F       28  .text
	wm_ll_pwm_get_rising_int_overrun_status0x0801586c      F       28  .text
	wm_ll_pwm_clear_cap_falling_int_status0x08015888      F       32  .text
	wm_ll_pwm_get_cap_falling_int_status0x080158a8      F       28  .text
	wm_ll_pwm_clear_cap_rising_int_status0x080158c4      F       32  .text
	wm_ll_pwm_get_cap_rising_int_status0x080158e4      F       28  .text
	wm_ll_pwm_clear_all_int_status     0x08015900      F       36  .text
	wm_ll_pwm_get_cap_value            0x08015924      F       62  .text
	wm_ll_pwm_set_brake_en             0x08015964      F       40  .text
	wm_ll_pwm_set_brake_level          0x0801598c      F       40  .text
	wm_ll_pwm_get_cap_addr             0x080159b4      F       20  .text
	wm_hal_irq_init                    0x080159f4      F       32  .text
	wm_hal_irq_attach_sw_vector        0x08015a1c      F       58  .text
	wm_hal_irq_detach_sw_vector        0x08015a68      F       58  .text
	wm_hal_irq_set_critical            0x08015ab8      F       14  .text
	wm_hal_irq_release_critical        0x08015acc      F       48  .text
	wm_hal_irq_attach_hw_vector        0x08015b10      F       60  .text
	wm_hal_irq_enable                  0x08015b60      F       42  .text
	wm_hal_irq_disable                 0x08015b90      F       50  .text
	wm_hal_irq_clear_pending           0x08015bc8      F       36  .text
	wm_hal_uart_deinit                 0x08016088      F      202  .text
	wm_hal_uart_set_dma                0x08016160      F       56  .text
	wm_hal_uart_getchar                0x0801619c      F       30  .text
	wm_hal_uart_tx_polling             0x080161bc      F       56  .text
	wm_hal_uart_tx_it                  0x080161f4      F      108  .text
	wm_hal_uart_rx_it                  0x08016260      F       92  .text
	wm_hal_uart_tx_dma                 0x080162bc      F      186  .text
	wm_hal_uart_rx_dma                 0x0801637c      F      116  .text
	wm_hal_uart_register_tx_callback   0x080163f0      F       24  .text
	wm_hal_uart_register_rx_callback   0x08016408      F       24  .text
	wm_hal_uart_get_config             0x08016420      F       36  .text
	wm_hal_uart_set_baudrate           0x08016444      F       70  .text
	wm_hal_uart_get_baudrate           0x0801648c      F       28  .text
	wm_hal_uart_set_data_bits          0x080164a8      F       36  .text
	wm_hal_uart_get_data_bits          0x080164cc      F       28  .text
	wm_hal_uart_set_stop_bits          0x080164e8      F       36  .text
	wm_hal_uart_get_stop_bits          0x0801650c      F       28  .text
	wm_hal_uart_set_parity             0x08016528      F       64  .text
	wm_hal_uart_get_parity             0x08016568      F       28  .text
	wm_hal_uart_set_flow_ctrl          0x08016584      F      108  .text
	wm_hal_uart_set_config             0x080165f0      F      154  .text
	wm_hal_uart_init                   0x0801668c      F      266  .text
	wm_hal_uart_get_flow_ctrl          0x080167a8      F       28  .text
	wm_hal_pwm_isr_handler             0x08016cb8      F      112  .text
	wm_hal_pwm_chans_start             0x08016f5c      F      128  .text
	wm_hal_pwm_chans_stop              0x08016fdc      F       86  .text
	wm_hal_pwm_chan_start              0x08017034      F       58  .text
	wm_hal_pwm_chan_stop               0x08017070      F       42  .text
	wm_hal_pwm_channel_init            0x0801709c      F       84  .text
	wm_hal_pwm_channel_deinit          0x080170f4      F      154  .text
	wm_hal_pwm_init                    0x08017190      F       50  .text
	wm_hal_pwm_deinit                  0x080171c8      F       94  .text
	wm_hal_pwm_set_freq                0x08017228      F      376  .text
	wm_hal_pwm_set_freq_inner          0x080173a0      F      108  .text
	wm_hal_pwm_get_freq                0x0801740c      F       76  .text
	wm_hal_pwm_get_clkdiv              0x08017458      F       44  .text
	wm_hal_pwm_get_period              0x08017484      F       44  .text
	wm_hal_pwm_set_period_num          0x080174b0      F       92  .text
	wm_hal_pwm_get_period_num          0x0801750c      F       44  .text
	wm_hal_pwm_set_duty_cycle          0x08017538      F       92  .text
	wm_hal_pwm_get_duty_cycle          0x08017594      F       44  .text
	wm_hal_pwm_set_inverse             0x080175c0      F      104  .text
	wm_hal_pwm_get_inverse             0x08017628      F       58  .text
	wm_hal_pwm_set_brake_level         0x08017664      F       80  .text
	wm_hal_pwm_get_brake_level         0x080176b4      F       56  .text
	wm_hal_pwm_set_deadtime            0x080176ec      F      140  .text
	wm_hal_pwm_get_deadtime            0x08017778      F       92  .text
	wm_hal_pwm_set_autoreload_en       0x080177d4      F       92  .text
	wm_hal_pwm_get_autoreload_en       0x08017830      F       44  .text
	wm_hal_pwm_set_period_int          0x0801785c      F       40  .text
	wm_hal_pwm_get_period_int          0x08017884      F       44  .text
	wm_hal_pwm_get_chan_cfg            0x080178b0      F       24  .text
	wm_hal_rtc_init                    0x080178c8      F       50  .text
	wm_hal_rtc_deinit                  0x080178fc      F       46  .text
	wm_hal_rtc_set_time                0x0801792c      F      114  .text
	wm_hal_rtc_get_time                0x080179a0      F       74  .text
	wm_hal_rtc_set_alarm               0x080179ec      F       94  .text
	wm_hal_rtc_abort_alarm             0x08017a4c      F       30  .text
	wm_hal_rtc_get_supported_mask      0x08017a6c      F       26  .text
	wm_hal_pmu_init                    0x08017b48      F      158  .text
	wm_hal_pmu_set_clock_source        0x08017bf8      F       64  .text
	wm_hal_pmu_calibration_internal_rc 0x08017c44      F       26  .text
	wm_hal_pmu_set_power_mode          0x08017c60      F       92  .text
	wm_hal_pmu_set_wakeup_io           0x08017cbc      F       34  .text
	wm_hal_pmu_register_callback       0x08017ce0      F       22  .text
	wm_hal_pmu_get_status_before_wakeup0x08017cf8      F       54  .text
	wm_hal_pmu_set_timer0              0x08017d30      F       64  .text
	wm_hal_pmu_abort_timer0            0x08017d70      F       24  .text
	wm_hal_pmu_set_timer1              0x08017d88      F       82  .text
	wm_hal_pmu_abort_timer1            0x08017ddc      F       18  .text
	wm_hal_gpio_init                   0x08017e00      F      248  .text
	wm_hal_gpio_deinit                 0x08017ef8      F       76  .text
	wm_hal_gpio_set_dir                0x08017f48      F       74  .text
	wm_hal_gpio_set_pullmode           0x08017f98      F      122  .text
	wm_hal_gpio_data_set               0x08018018      F       72  .text
	wm_hal_gpio_data_reset             0x08018068      F       68  .text
	wm_hal_gpio_data_get               0x080180b4      F       54  .text
	wm_hal_gpio_iomux_func_sel         0x080180f4      F      216  .text
	wm_hal_gpio_get_irq_status         0x080181cc      F       40  .text
	wm_hal_gpio_clr_irq_status         0x080181f8      F       44  .text
	wm_hal_gpio_enable_irq             0x08018274      F       52  .text
	wm_hal_gpio_disable_irq            0x080182ac      F       44  .text
	wm_hal_gpio_set_intr_mode          0x080182dc      F      150  .text
	wm_hal_gpio_install_isr_service    0x08018374      F       92  .text
	wm_hal_gpio_uninstall_isr_service  0x080183d8      F       56  .text
	wm_hal_gpio_add_isr_handler        0x08018410      F       52  .text
	wm_hal_gpio_remove_isr_handler     0x08018448      F       50  .text
	wm_hal_wdt_init                    0x080184d0      F       90  .text
	wm_hal_wdt_deinit                  0x08018530      F       52  .text
	wm_hal_wdt_start                   0x08018564      F       12  .text
	wm_hal_wdt_stop                    0x08018570      F       12  .text
	wm_hal_wdt_feed                    0x0801857c      F       26  .text
	wm_hal_wdt_set_counter_value       0x08018598      F       96  .text
	wm_hal_wdt_get_counter_value       0x08018610      F       18  .text
	wm_hal_wdt_get_current_value       0x08018624      F       18  .text
	wm_hal_dma_user_isr_dummy          0x08018638      F        2  .text
	wm_hal_dma_register_callback       0x0801863c      F       48  .text
	wm_hal_dma_unregister_callback     0x0801867c      F       54  .text
	wm_hal_dma_init                    0x080186c4      F      112  .text
	wm_hal_dma_deinit                  0x08018740      F      114  .text
	wm_hal_dma_config                  0x080187b4      F      462  .text
	wm_hal_dma_config_partial          0x08018994      F       70  .text
	wm_hal_dma_start                   0x080189e8      F       42  .text
	wm_hal_dma_stop                    0x08018a20      F       52  .text
	wm_hal_dma_ch_isr_entry            0x08018a60      F       96  .text
	wm_hal_dma_isr_entry               0x08018acc      F      214  .text
	wm_hal_dma_get_status              0x08018bc0      F       92  .text
	wm_hal_dma_request_ch              0x08018c28      F       74  .text
	wm_hal_dma_release_ch              0x08018c80      F       56  .text
	wm_hal_dma_clr_req                 0x08018cc8      F       70  .text
	wm_hal_rcc_set_i2s_clock_config    0x08018d34      F       44  .text
	wm_hal_clock_enable                0x08018d60      F       10  .text
	wm_hal_clock_disable               0x08018d6c      F       12  .text
	wm_hal_clock_reset                 0x08018d78      F       14  .text
	wm_hal_clock_init                  0x08018d88      F        2  .text
	wm_hal_clock_deinit                0x08018d8c      F        2  .text
	wm_hal_rcc_config_clock            0x08018d90      F      382  .text
	wm_hal_rcc_get_clock_config        0x08018f10      F      190  .text
	wm_hal_flash_get_manufacturer_id   0x0801901c      F       60  .text
	wm_hal_flash_get_capacity          0x08019058      F       72  .text
	wm_hal_flash_write_pages           0x080190a0      F      198  .text
	wm_hal_flash_read_pages            0x08019168      F      576  .text
	wm_hal_flash_read_sectors          0x080193a8      F       52  .text
	wm_hal_flash_get_unique_id         0x080193dc      F      100  .text
	wm_hal_flash_erase_sectors         0x08019440      F      112  .text
	wm_hal_flash_erase_chip            0x080194b0      F       46  .text
	wm_hal_flash_init                  0x080194e0      F      178  .text
	wm_hal_flash_deinit                0x080195b4      F       22  .text
	wm_hal_crc_init                    0x080195cc      F      122  .text
	wm_hal_crc_update                  0x08019654      F      324  .text
	wm_hal_hash_init                   0x080197ac      F       80  .text
	wm_hal_hash_start                  0x08019808      F       82  .text
	wm_hal_hash_compress               0x0801987c      F      238  .text
	wm_hal_rng_init                    0x0801997c      F      200  .text
	wm_hal_rng_deinit                  0x08019a50      F       80  .text
	wm_hal_rng_read                    0x08019aac      F      130  .text
	wm_hal_rng_read_bytes              0x08019b40      F      126  .text
	wm_ft_param_init                   0x08019e80      F      324  .text
	wm_ft_get_tx_lo                    0x0801a000      F       20  .text
	wm_ft_set_tx_lo                    0x0801a01c      F       14  .text
	wm_ft_freq_err_op                  0x0801a02c      F      136  .text
	wm_dt_get_device_by_name           0x0801a224      F      362  .text
	wm_dt_auto_init_device             0x0801a3c8      F      884  .text
	wm_set_reboot_reason               0x0801a748      F       12  .text
	wm_get_reboot_reason               0x0801a758      F       16  .text
	wm_output_ramdump                  0x0801a76c      F      162  .text
	wm_system_reboot                   0x0801a81c      F       42  .text
	wm_partition_table_init            0x0801a84c      F      412  .text
	wm_partition_table_find            0x0801aa18      F      156  .text
	vListInitialise                    0x0801aac8      F       20  .text
	vListInitialiseItem                0x0801aadc      F        6  .text
	vListInsertEnd                     0x0801aae4      F       24  .text
	vListInsert                        0x0801aafc      F       50  .text
	uxListRemove                       0x0801ab30      F       34  .text
	xQueueGenericReset                 0x0801ac78      F      124  .text
	xQueueGenericCreateStatic          0x0801ad00      F      130  .text
	xQueueGenericCreate                0x0801ada0      F      106  .text
	xQueueCreateCountingSemaphore      0x0801ae1c      F       52  .text
	xQueueGenericSend                  0x0801ae60      F      330  .text
	xQueueCreateMutex                  0x0801afdc      F       22  .text
	xQueueGiveMutexRecursive           0x0801aff4      F       60  .text
	xQueueGenericSendFromISR           0x0801b03c      F      172  .text
	xQueueGiveFromISR                  0x0801b100      F      154  .text
	xQueueReceive                      0x0801b1b4      F      304  .text
	xQueueSemaphoreTake                0x0801b2f8      F      370  .text
	xQueueTakeMutexRecursive           0x0801b484      F       68  .text
	xQueueReceiveFromISR               0x0801b4d4      F      150  .text
	vQueueDelete                       0x0801b580      F       34  .text
	vQueueWaitForMessageRestricted     0x0801b5b0      F       74  .text
	xTaskCreateStatic                  0x0801b8dc      F      114  .text
	xTaskCreate                        0x0801b964      F      110  .text
	vTaskDelete                        0x0801b9d8      F      138  .text
	vTaskStartScheduler                0x0801ba8c      F      102  .text
	vTaskSuspendAll                    0x0801bb14      F       10  .text
	xTaskGetTickCount                  0x0801bb24      F        6  .text
	xTaskGetTickCountFromISR           0x0801bb30      F        6  .text
	xTaskIncrementTick                 0x0801bb3c      F      250  .text
	xTaskResumeAll                     0x0801bc70      F      204  .text
	vTaskDelay                         0x0801bd68      F       66  .text
	vTaskSwitchContext                 0x0801bdbc      F      144  .text
	vTaskPlaceOnEventList              0x0801be6c      F       42  .text
	vTaskPlaceOnEventListRestricted    0x0801bea8      F       52  .text
	xTaskRemoveFromEventList           0x0801beec      F      106  .text
	vTaskInternalSetTimeOutState       0x0801bf7c      F       14  .text
	xTaskCheckForTimeOut               0x0801bf94      F      116  .text
	vTaskMissedYield                   0x0801c020      F        8  .text
	xTaskGetCurrentTaskHandle          0x0801c02c      F        6  .text
	xTaskGetSchedulerState             0x0801c038      F       24  .text
	xTaskPriorityInherit               0x0801c058      F      120  .text
	xTaskPriorityDisinherit            0x0801c0dc      F      112  .text
	vTaskPriorityDisinheritAfterTimeout0x0801c168      F      130  .text
	pvTaskIncrementMutexHeldCount      0x0801c208      F       20  .text
	xTimerCreateTimerTask              0x0801c2b8      F       84  .text
	xTimerGenericCommand               0x0801c328      F       92  .text
	xPortSysTickHandler                0x0801c630      F       28  .text
	pxPortInitialiseStack              0x0801c64c      F      362  .text
	xPortStartScheduler                0x0801c830      F       16  .text
	cpu_intrpt_save                    0x0801c844      F       14  .text
	vPortEnterCritical                 0x0801c858      F        8  .text
	vPortExitCritical                  0x0801c860      F       34  .text
	vApplicationGetIdleTaskMemory      0x0801c888      F       16  .text
	vApplicationGetTimerTaskMemory     0x0801c8a0      F       16  .text
	vApplicationStackOverflowHook      0x0801c8b8      F       14  .text
	vApplicationIdleHook               0x0801c8cc      F        6  .text
	vPortCleanUpTCB                    0x0801c8d4      F        2  .text
	pvPortMallocTracing                0x0801c8d8      F       14  .text
	vPortFree                          0x0801c8e8      F        8  .text
	wm_drv_irq_attach_hw_vector        0x0801c8f0      F        8  .text
	wm_drv_irq_enable                  0x0801c8f8      F        8  .text
	uart_register_callback             0x0801c908      F       64  .text
	wm_drv_uart_init                   0x0801d6f8      F       44  .text
	wm_drv_uart_write                  0x0801d724      F       20  .text
	wm_drv_pwm_init                    0x0801dc50      F      152  .text
	wm_drv_pwm_channel_init            0x0801dcec      F      118  .text
	wm_drv_pwm_channels_start          0x0801dd64      F       72  .text
	wm_drv_pwm_set_channel_duty        0x0801ddac      F      102  .text
	wm_drv_ops_pmu_get_status_before_wakeup0x0801e810      F      134  .text
	wm_drv_ops_pmu_abort_timer         0x0801e8a4      F      126  .text
	wm_drv_ops_pmu_set_timer           0x0801e930      F      174  .text
	wm_drv_ops_pmu_set_power_mode      0x0801ec18      F      102  .text
	wm_drv_ops_pmu_register_irq_callback0x0801ec8c      F      118  .text
	wm_drv_ops_pmu_unregister_irq_callback0x0801ed10      F      108  .text
	wm_drv_pmu_init                    0x0801ed88      F       36  .text
	wm_drv_pmu_register_irq_callback   0x0801edac      F       54  .text
	wm_drv_pmu_get_status_before_wakeup0x0801ede4      F       46  .text
	wm_drv_gpio_init                   0x0801f4f8      F       54  .text
	wm_drv_gpio_set_dir                0x0801f538      F       46  .text
	wm_drv_gpio_set_pullmode           0x0801f56c      F       46  .text
	wm_drv_gpio_iomux_func_sel         0x0801f5a0      F       46  .text
	wm_drv_dma_isr_entry               0x0801fa80      F       74  .text
	wm_w800_driver_dma_request_ch      0x0801facc      F       18  .text
	wm_w800_driver_dma_config_partial  0x0801fae0      F       62  .text
	wm_w800_driver_dma_deinit          0x0801fb20      F       68  .text
	wm_w800_driver_dma_stop            0x0801fb94      F       18  .text
	wm_w800_driver_dma_start           0x0801fba8      F       28  .text
	wm_w800_driver_dma_release_ch      0x0801fbc4      F       28  .text
	wm_w800_driver_dma_get_status      0x0801fbe0      F       18  .text
	wm_w800_driver_dma_register_callback0x0801fbf4      F       44  .text
	wm_w800_driver_dma_init            0x0801fc20      F      166  .text
	wm_w800_driver_dma_desc_convert    0x0801fcdc      F      476  .text
	wm_w800_driver_dma_config          0x0801fec8      F      266  .text
	wm_drv_dma_init                    0x0801ffe4      F       62  .text
	wm_drv_dma_request_ch              0x08020028      F       74  .text
	wm_drv_dma_release_ch              0x08020074      F       38  .text
	wm_drv_dma_stop                    0x0802009c      F       40  .text
	wm_w800_drv_rcc_register_cb_bus_clock_change0x080200c4      F       70  .text
	wm_w800_drv_rcc_unregister_cb_bus_clock_change0x08020110      F       64  .text
	wm_rcc_traverse_dev                0x08020404      F       44  .text
	wm_drv_clock_enable                0x0802058c      F       32  .text
	wm_drv_clock_disable               0x080205ac      F       32  .text
	wm_drv_clock_reset                 0x080205cc      F       32  .text
	wm_drv_rcc_get_config_clock        0x080205ec      F       28  .text
	wm_drv_clock_init                  0x08020608      F       36  .text
	wm_drv_iflash_wr_with_erase_private0x08020d90      F      272  .text
	wm_drv_flash_read                  0x08020eb0      F       36  .text
	wm_drv_flash_get_device_info       0x08020ed4      F       32  .text
	wm_drv_flash_init                  0x08020ef4      F       56  .text
	wm_drv_crc_init                    0x0802115c      F       70  .text
	wm_drv_crc_cfg                     0x080211b0      F       76  .text
	wm_drv_crc_update                  0x08021208      F       66  .text
	wm_drv_crc_final                   0x08021258      F       58  .text
	wm_drv_crc32_reverse               0x080212a0      F      112  .text
	wm_w800_drv_md5_start              0x08021324      F       72  .text
	wm_w800_drv_sha1_start             0x08021378      F       72  .text
	wm_drv_creat_gpsec_mutex           0x08021424      F       20  .text
	wm_drv_acquire_gpsec_mutex         0x08021550      F       18  .text
	wm_drv_release_gpsec_mutex         0x08021568      F       16  .text
	wm_w800_drv_md5_update             0x08021650      F       62  .text
	wm_w800_drv_sha1_update            0x0802169c      F       64  .text
	wm_w800_drv_md5_final              0x0802186c      F       60  .text
	wm_w800_drv_sha1_final             0x080218b4      F       60  .text
	wm_drv_hash_init                   0x080218fc      F       70  .text
	wm_drv_md5_start                   0x08021950      F       54  .text
	wm_drv_md5_update                  0x08021994      F       66  .text
	wm_drv_md5_final                   0x080219e4      F       58  .text
	wm_drv_md5                         0x08021a2c      F      120  .text
	wm_w800_drv_rng_read_bytes         0x08021ab8      F      214  .text
	wm_w800_drv_rng_read               0x08021cac      F      192  .text
	wm_drv_rng_init                    0x08021dc4      F       70  .text
	wm_drv_rng_deinit                  0x08021e18      F       50  .text
	wm_drv_rng_read                    0x08021e58      F       50  .text
	__etext                            0x08021ea0               0  .text
	__srodata                          0x08021ea0               0  .rodata
	__thenan_df                        0x08021ea0      O       20  .rodata
	__clz_tab                          0x08021eb4      O      256  .rodata
	g_gpio_map                         0x08022704      O      192  .rodata
	g_iomux_attr_table                 0x080227c4      O       30  .rodata
	cos132                             0x080228de      O       64  .rodata
	cos16                              0x0802291e      O       64  .rodata
	sin132                             0x0802295e      O       64  .rodata
	sin16                              0x0802299e      O       64  .rodata
	HZ                                 0x08024d7c      O        4  .rodata
	wm_drv_uart_ops                    0x08024d9c      O       80  .rodata
	wm_drv_pwm_ops                     0x08024e94      O       36  .rodata
	wm_drv_rtc_ops                     0x08025064      O       40  .rodata
	wm_drv_pmu_ops                     0x08025304      O       36  .rodata
	wm_drv_gpio_ops                    0x08025328      O       52  .rodata
	wm_drv_wdt_ops                     0x08025490      O       32  .rodata
	wm_drv_dma_ops                     0x08025570      O       36  .rodata
	wm_drv_rcc_ops                     0x08025684      O       40  .rodata
	wm_drv_internal_flash_ops          0x080258d8      O       36  .rodata
	wm_drv_crc_ops                     0x08025ad4      O       20  .rodata
	wm_drv_hash_ops                    0x08025c3c      O       32  .rodata
	wm_drv_rng_ops                     0x08025cf4      O       16  .rodata
	__ctor_end__                       0x08026530               0  .rodata
	__ctor_start__                     0x08026530               0  .rodata
	__dtor_end__                       0x08026530               0  .rodata
	__erodata                          0x08026530               0  .rodata
	__rodata_end__                     0x08026530               0  .rodata
	__vdata_start__                    0x20000000               0  .vdata
	irq_vectors                        0x20000000      O      256  .vdata
	__vdata_end__                      0x20000100               0  .vdata
	__data_start__                     0x20000100               0  .data
	__sdata                            0x20000100               0  .data
	data_start                         0x20000100               0  .data
	wm_sdk_build_date                  0x20000104      O        4  .data
	wm_sdk_build_time                  0x20000108      O        4  .data
	wm_soc_memory                      0x2000010c      O      128  .data
	wm_soc_memory_count                0x2000018c      O        4  .data
	ht20lpfaim                         0x20000190      O        8  .data
	ht40lpfaim                         0x20000198      O        8  .data
	rf_lpf_aim                         0x200001a0      O       32  .data
	rf_set_chan_common_data_20m        0x200001c0      O      116  .data
	_set_chan_common_data_20mrf        0x20000234      O      116  .data
	sample_num                         0x200002a8      O        4  .data
	hal_dma_ch2irq                     0x200002bc      O       32  .data
	drv_dma_req_src_drv2hal            0x20000304      O       92  .data
	drv_dma_uart_ch_drv2hal            0x20000360      O       48  .data
	__data_end__                       0x20000390               0  .data
	__edata                            0x20000390               0  .data
	__start_cmd                        0x20000390               0  .data
	__start_init_call                  0x20000390               0  .data
	__stop_cmd                         0x20000390               0  .data
	__stop_init_call                   0x20000390               0  .data
	__bss_start__                      0x20000390               0  .bss
	__sbss                             0x20000390               0  .bss
	g_intstackalloc                    0x20000390               0  .bss
	g_intstackbase                     0x20000390               0  .bss
	g_top_irqstack                     0x20001390               0  .bss
	g_trapstackalloc                   0x20001390               0  .bss
	g_trapstackbase                    0x20001390               0  .bss
	g_top_trapstack                    0x20001590               0  .bss
	g_trap_sp                          0x20001590      O        4  .bss
	g_sw_irq_vector                    0x200015b4      O      256  .bss
	g_log_uart                         0x200016b4      O        4  .bss
	hed_rf_current_channel             0x200016b8      O        4  .bss
	rf_chan24g_20m                     0x200016bc      O      120  .bss
	rf_chan24g_base                    0x20001734      O      120  .bss
	ffttimes                           0x200017ac      O        4  .bss
	gauleakagepwrI                     0x200017b0      O        4  .bss
	gauleakagepwrq                     0x200017b4      O        4  .bss
	tx_rx                              0x200017b8      O        4  .bss
	FFT_Data                           0x200017bc      O        4  .bss
	tempRev                            0x200017c0      O        4  .bss
	hal_dma_ch_list                    0x20001810      O      128  .bss
	hal_irq_priv                       0x20001890      O       60  .bss
	pxCurrentTCB                       0x200019c8      O        4  .bss
	dma_desc_convert                   0x20003110      O      224  .bss
	mutex_for_gpsec                    0x200032bc      O        4  .bss
	rf_nto_chip                        0x200032c0      O        4  .bss
	errno                              0x200032c4      O        4  .bss
	__malloc_lock                      0x200032c8      O        4  .bss
	__bss_end__                        0x200032cc               0  .bss
	__ebss                             0x200032cc               0  .bss
	__end                              0x200032cc               0  .bss
	end                                0x200032cc               0  .bss
	_eshram                            0x20028000               0  ._shared_ram_
	_sshram                            0x20028000               0  ._shared_ram_

	(w:Weak    d:Deubg    F:Function    f:File name    O:Zero)


======================================================================

Memory Map of the image

    Image Entry point : 0x0800f50c

    Region SRAM (Base: 0x20000000, Size: 0x000032cc, Max: 0x00028000)

    Base Addr    Size         Type   Attr      Idx   Section Name       Object
    0x20000000   0x00000100   Data   RW       2507  IRQINRAM       	cpu_init.c.obj
    0x20000100   0x00000004   Data   RW       5256  .data          	rand.o
    0x20000104   0x00000004   Data   RW         19  .data.wm_sdk_build_date	CMakeFiles/A-Geteway.elf.dir/project/project_elf_src.c.obj
    0x20000108   0x00000004   Data   RW         20  .data.wm_sdk_build_time	CMakeFiles/A-Geteway.elf.dir/project/project_elf_src.c.obj
    0x2000010c   0x00000080   Data   RW       2735  .data.wm_soc_memory	wm_memory_layout.c.obj
    0x2000018c   0x00000004   Data   RW       2736  .data.wm_soc_memory_count	wm_memory_layout.c.obj
    0x20000190   0x00000008   Data   RW       2826  .data.ht20lpfaim	tls_wl_rf.c.obj
    0x20000198   0x00000008   Data   RW       2827  .data.ht40lpfaim	tls_wl_rf.c.obj
    0x200001a0   0x00000020   Data   RW       2828  .data.rf_lpf_aim	tls_wl_rf.c.obj
    0x200001c0   0x00000074   Data   RW       2829  .data.rf_set_chan_common_data_20m	tls_wl_rf.c.obj
    0x20000234   0x00000074   Data   RW       2880  .data._set_chan_common_data_20mrf	tx_lo_cal.c.obj
    0x200002a8   0x00000004   Data   RW       2881  .data.sample_num	tx_lo_cal.c.obj
    0x200002ac   0x00000001   Data   RW       2986  .data.g_level  	wm_log.c.obj
    0x200002ad   0x00000003   PAD
    0x200002b0   0x00000004   Data   RW       2987  .data.g_log_vprintf	wm_log.c.obj
    0x200002b4   0x00000004   Data   RW       3141  .data.g_CriticalNesting	wm_hal_irq.c.obj
    0x200002b8   0x00000001   Data   RW       3202  .data.g_dma_port	wm_hal_uart.c.obj
    0x200002b9   0x00000003   PAD
    0x200002bc   0x00000020   Data   RW       3434  .data.hal_dma_ch2irq	wm_hal_dma.c.obj
    0x200002dc   0x00000004   Data   RW       3650  .data.g_ft_addr_1	wm_ft_param.c.obj
    0x200002e0   0x00000008   Data   RW       3685  .data.g_dt_dev_list	wm_dt.c.obj
    0x200002e8   0x00000004   Data   RW       4375  .data.uxCriticalNesting	port.c.obj
    0x200002ec   0x00000018   Data   RW       4536  .data.pwm_gpios	wm_drv_pwm.c.obj
    0x20000304   0x0000005c   Data   RW       4771  .data.drv_dma_req_src_drv2hal	wm_drv_dma.c.obj
    0x20000360   0x00000030   Data   RW       4772  .data.drv_dma_uart_ch_drv2hal	wm_drv_dma.c.obj
    0x20000390   0x00001000   Zero   RW       2572  .bss           	startup.S.obj
    0x20001390   0x00000204   Zero   RW       2582  .bss           	vectors.S.obj
    0x20001594   0x00000001   Zero   RW         92  .bss.s_inited  	bsp_rgb.c.obj
    0x20001595   0x00000003   PAD
    0x20001598   0x00000004   Zero   RW         93  .bss.s_pwm_dev 	bsp_rgb.c.obj
    0x2000159c   0x00000018   Zero   RW        120  .bss.s_rgb     	rgb_led.c.obj
    0x200015b4   0x00000100   Zero   RW       2486  .bss.g_sw_irq_vector	isr.c.obj
    0x200016b4   0x00000004   Zero   RW       2751  .bss.g_log_uart	wm_printf_port.c.obj
    0x200016b8   0x00000004   Zero   RW       2820  .bss.hed_rf_current_channel	tls_wl_rf.c.obj
    0x200016bc   0x00000078   Zero   RW       2821  .bss.rf_chan24g_20m	tls_wl_rf.c.obj
    0x20001734   0x00000078   Zero   RW       2822  .bss.rf_chan24g_base	tls_wl_rf.c.obj
    0x200017ac   0x00000004   Zero   RW       2876  .bss.ffttimes  	tx_lo_cal.c.obj
    0x200017b0   0x00000004   Zero   RW       2877  .bss.gauleakagepwrI	tx_lo_cal.c.obj
    0x200017b4   0x00000004   Zero   RW       2878  .bss.gauleakagepwrq	tx_lo_cal.c.obj
    0x200017b8   0x00000004   Zero   RW       2879  .bss.tx_rx     	tx_lo_cal.c.obj
    0x200017bc   0x00000004   Zero   RW       2908  .bss.FFT_Data  	tls_rf_fft.c.obj
    0x200017c0   0x00000004   Zero   RW       2909  .bss.tempRev   	tls_rf_fft.c.obj
    0x200017c4   0x00000018   Zero   RW       3017  .bss.heap_used_block_list	wm_heap.c.obj
    0x200017dc   0x00000014   Zero   RW       3018  .bss.wm_heaps  	wm_heap.c.obj
    0x200017f0   0x00000001   Zero   RW       3200  .bss.g_irq25_num	wm_hal_uart.c.obj
    0x200017f1   0x00000003   PAD
    0x200017f4   0x00000018   Zero   RW       3201  .bss.g_uart_dev	wm_hal_uart.c.obj
    0x2000180c   0x00000001   Zero   RW       3367  .bss.g_gpio_data_en	wm_hal_gpio.c.obj
    0x2000180d   0x00000003   PAD
    0x20001810   0x00000080   Zero   RW       3432  .bss.hal_dma_ch_list	wm_hal_dma.c.obj
    0x20001890   0x0000003c   Zero   RW       3433  .bss.hal_irq_priv	wm_hal_dma.c.obj
    0x200018cc   0x00000004   Zero   RW       3648  .bss.g_ft_addr_0	wm_ft_param.c.obj
    0x200018d0   0x000000dc   Zero   RW       3649  .bss.g_ft_param_ver	wm_ft_param.c.obj
    0x200019ac   0x00000004   Zero   RW       3681  .bss.g_dt_dev_mutex	wm_dt.c.obj
    0x200019b0   0x00000004   Zero   RW       3682  .bss.g_dt_entry_count	wm_dt.c.obj
    0x200019b4   0x00000004   Zero   RW       3683  .bss.g_dt_table_addr	wm_dt.c.obj
    0x200019b8   0x00000004   Zero   RW       3684  .bss.g_dt_table_name	wm_dt.c.obj
    0x200019bc   0x00000004   Zero   RW       3864  .bss.g_partition_table_addr	wm_partition_table.c.obj
    0x200019c0   0x00000004   Zero   RW       3865  .bss.g_partition_table_count	wm_partition_table.c.obj
    0x200019c4   0x00000001   Zero   RW       3866  .bss.g_partition_table_verified	wm_partition_table.c.obj
    0x200019c5   0x00000003   PAD
    0x200019c8   0x00000004   Zero   RW       4182  .bss.pxCurrentTCB	tasks.c.obj
    0x200019cc   0x00000004   Zero   RW       4183  .bss.pxDelayedTaskList	tasks.c.obj
    0x200019d0   0x00000004   Zero   RW       4184  .bss.pxOverflowDelayedTaskList	tasks.c.obj
    0x200019d4   0x00000140   Zero   RW       4185  .bss.pxReadyTasksLists	tasks.c.obj
    0x20001b14   0x00000004   Zero   RW       4186  .bss.uxCurrentNumberOfTasks	tasks.c.obj
    0x20001b18   0x00000004   Zero   RW       4187  .bss.uxDeletedTasksWaitingCleanUp	tasks.c.obj
    0x20001b1c   0x00000004   Zero   RW       4188  .bss.uxSchedulerSuspended	tasks.c.obj
    0x20001b20   0x00000004   Zero   RW       4189  .bss.uxTaskNumber	tasks.c.obj
    0x20001b24   0x00000004   Zero   RW       4190  .bss.uxTopReadyPriority	tasks.c.obj
    0x20001b28   0x00000014   Zero   RW       4191  .bss.xDelayedTaskList1	tasks.c.obj
    0x20001b3c   0x00000014   Zero   RW       4192  .bss.xDelayedTaskList2	tasks.c.obj
    0x20001b50   0x00000004   Zero   RW       4193  .bss.xNextTaskUnblockTime	tasks.c.obj
    0x20001b54   0x00000004   Zero   RW       4194  .bss.xNumOfOverflows	tasks.c.obj
    0x20001b58   0x00000004   Zero   RW       4195  .bss.xPendedTicks	tasks.c.obj
    0x20001b5c   0x00000014   Zero   RW       4196  .bss.xPendingReadyList	tasks.c.obj
    0x20001b70   0x00000004   Zero   RW       4197  .bss.xSchedulerRunning	tasks.c.obj
    0x20001b74   0x00000014   Zero   RW       4198  .bss.xSuspendedTaskList	tasks.c.obj
    0x20001b88   0x00000014   Zero   RW       4199  .bss.xTasksWaitingTermination	tasks.c.obj
    0x20001b9c   0x00000004   Zero   RW       4200  .bss.xTickCount	tasks.c.obj
    0x20001ba0   0x00000004   Zero   RW       4201  .bss.xYieldPending	tasks.c.obj
    0x20001ba4   0x00000004   Zero   RW       4301  .bss.pxCurrentTimerList	timers.c.obj
    0x20001ba8   0x00000004   Zero   RW       4302  .bss.pxOverflowTimerList	timers.c.obj
    0x20001bac   0x00000800   Zero   RW       4303  .bss.ucStaticTimerQueueStorage.5569	timers.c.obj
    0x200023ac   0x00000014   Zero   RW       4304  .bss.xActiveTimerList1	timers.c.obj
    0x200023c0   0x00000014   Zero   RW       4305  .bss.xActiveTimerList2	timers.c.obj
    0x200023d4   0x00000004   Zero   RW       4306  .bss.xLastTime.5520	timers.c.obj
    0x200023d8   0x00000050   Zero   RW       4307  .bss.xStaticTimerQueue.5568	timers.c.obj
    0x20002428   0x00000004   Zero   RW       4308  .bss.xTimerQueue	timers.c.obj
    0x2000242c   0x00000004   Zero   RW       4309  .bss.xTimerTaskHandle	timers.c.obj
    0x20002430   0x00000400   Zero   RW       4370  .bss.uxIdleTaskStack.5443	port.c.obj
    0x20002830   0x00000800   Zero   RW       4371  .bss.uxTimerTaskStack.5450	port.c.obj
    0x20003030   0x0000006c   Zero   RW       4372  .bss.xIdleTaskTCB.5442	port.c.obj
    0x2000309c   0x0000006c   Zero   RW       4373  .bss.xTimerTaskTCB.5449	port.c.obj
    0x20003108   0x00000004   Zero   RW       4684  .bss.gpio_dev  	wm_drv_gpio.c.obj
    0x2000310c   0x00000004   Zero   RW       4685  .bss.gpio_mutex	wm_drv_gpio.c.obj
    0x20003110   0x000000e0   Zero   RW       4770  .bss.dma_desc_convert	wm_drv_dma.c.obj
    0x200031f0   0x000000cc   Zero   RW       4817  .bss.g_rcc_dev_tree	wm_drv_rcc.c.obj
    0x200032bc   0x00000004   Zero   RW       4943  .bss.mutex_for_gpsec	wm_drv_hash.c.obj
    0x200032c0   0x00000004   Zero   RW       2860  COMMON         	tls_wl_rf.c.obj
    0x200032c4   0x00000008   Zero   RW       5360  COMMON         	minilibc_init.o

    Region DRAM (Base: 0x20028000, Size: 0x00000000, Max: 0x00020000)

    Region *default* (Base: 0x00000000, Size: 0x00000000, Max: 0xffffffff)


======================================================================

Image component sizes

       Code    RO Data    RW Data    ZI Data      Debug   Object Name

          0          0          0          0          0   linker stubs
          0         21          8          0      10243   CMakeFiles/A-Geteway.elf.dir/project/project_elf_src.c.obj
	------------------------------------------------------------
          0         21          8          0      10243   Object Totals
        318         40          6         12          0   Pad
          0          0          0          0          0   LD_GEN

	------------------------------------------------------------
    [Library Name]: components/main/libmain.a
	------------------------------------------------------------
       Code    RO Data    RW Data    ZI Data      Debug   Library Member Name

          8          0          0          0      60132   main.c.obj
          0          0          0          0          0   app_main.c.obj
          0          0          0          0          0   rgb_status.c.obj
        494        389          0          5      75941   bsp_rgb.c.obj
        380          0          0         24      18233   rgb_led.c.obj
        180         42          0          0      61033   test_rgb.c.obj
	------------------------------------------------------------
       1062        431          0         29     215339   Library Totals
          0          0          0          0          0   Pad
          0          0          0          0          0   LD_GEN

	------------------------------------------------------------
    [Library Name]: ../../../../W800/wm_iot_sdk_v2.4-rc/wm_iot_sdk/components/wm_soc/w80x/lib/libcsi_math.a
	------------------------------------------------------------
       Code    RO Data    RW Data    ZI Data      Debug   Library Member Name

          0          0          0          0          0   csi_xt800p_common_tables.o
          0          0          0          0          0   csi_xt800p_common_fastmath_tables.o
          0          0          0          0          0   csi_xt800p_common_cfft_tables.o
          0          0          0          0          0   csi_xt800p_common_dct4_tables.o
          0          0          0          0          0   csi_xt800p_common_rfft_tables.o
          0          0          0          0          0   csi_xt800p_common_deprecate_tables.o
          0          0          0          0          0   csi_xt800p_const_structs.o
          0          0          0          0          0   csi_abs_f32.o
          0          0          0          0          0   csi_add_f32.o
          0          0          0          0          0   csi_dot_prod_f32.o
          0          0          0          0          0   csi_mult_f32.o
          0          0          0          0          0   csi_negate_f32.o
          0          0          0          0          0   csi_offset_f32.o
          0          0          0          0          0   csi_scale_f32.o
          0          0          0          0          0   csi_sub_f32.o
          0          0          0          0          0   csi_xt800p_abs_q15.o
          0          0          0          0          0   csi_xt800p_abs_q31.o
          0          0          0          0          0   csi_xt800p_abs_q7.o
          0          0          0          0          0   csi_xt800p_abs_max_q15.o
          0          0          0          0          0   csi_xt800p_abs_max_q31.o
          0          0          0          0          0   csi_xt800p_add_q15.o
          0          0          0          0          0   csi_xt800p_add_q31.o
          0          0          0          0          0   csi_xt800p_add_q7.o
          0          0          0          0          0   csi_xt800p_dot_prod_q15.o
          0          0          0          0          0   csi_xt800p_dot_prod_q31.o
          0          0          0          0          0   csi_xt800p_dot_prod_q7.o
          0          0          0          0          0   csi_xt800p_mult_rnd_q15.o
          0          0          0          0          0   csi_xt800p_mult_q15.o
          0          0          0          0          0   csi_xt800p_mult_q31.o
          0          0          0          0          0   csi_xt800p_mult_q7.o
          0          0          0          0          0   csi_xt800p_negate_q15.o
          0          0          0          0          0   csi_xt800p_negate_q31.o
          0          0          0          0          0   csi_xt800p_negate_q7.o
          0          0          0          0          0   csi_xt800p_offset_q15.o
          0          0          0          0          0   csi_xt800p_offset_q31.o
          0          0          0          0          0   csi_xt800p_offset_q7.o
          0          0          0          0          0   csi_xt800p_scale_q15.o
          0          0          0          0          0   csi_xt800p_scale_q31.o
          0          0          0          0          0   csi_xt800p_scale_q7.o
          0          0          0          0          0   csi_xt800p_shift_q15.o
          0          0          0          0          0   csi_xt800p_shift_q31.o
          0          0          0          0          0   csi_xt800p_shift_q7.o
          0          0          0          0          0   csi_xt800p_sub_q15.o
          0          0          0          0          0   csi_xt800p_sub_q31.o
          0          0          0          0          0   csi_xt800p_sub_q7.o
          0          0          0          0          0   csi_cmplx_conj_f32.o
          0          0          0          0          0   csi_cmplx_dot_prod_f32.o
          0          0          0          0          0   csi_cmplx_mag_f32.o
          0          0          0          0          0   csi_cmplx_mag_squared_f32.o
          0          0          0          0          0   csi_cmplx_mult_cmplx_f32.o
          0          0          0          0          0   csi_cmplx_mult_cmplx_re_f32.o
          0          0          0          0          0   csi_cmplx_mult_real_f32.o
          0          0          0          0          0   csi_xt800p_cmplx_conj_q15.o
          0          0          0          0          0   csi_xt800p_cmplx_conj_q31.o
          0          0          0          0          0   csi_xt800p_cmplx_dot_prod_q15.o
          0          0          0          0          0   csi_xt800p_cmplx_dot_prod_q31.o
          0          0          0          0          0   csi_xt800p_cmplx_mag_q15.o
          0          0          0          0          0   csi_xt800p_cmplx_mag_q31.o
          0          0          0          0          0   csi_xt800p_cmplx_mag_squared_q15.o
          0          0          0          0          0   csi_xt800p_cmplx_mag_squared_q31.o
          0          0          0          0          0   csi_xt800p_cmplx_mult_cmplx_q15.o
          0          0          0          0          0   csi_xt800p_cmplx_mult_cmplx_re_q15.o
          0          0          0          0          0   csi_xt800p_cmplx_mult_cmplx_q31.o
          0          0          0          0          0   csi_xt800p_cmplx_mult_cmplx_re_q31.o
          0          0          0          0          0   csi_xt800p_cmplx_mult_real_q15.o
          0          0          0          0          0   csi_xt800p_cmplx_mult_real_q31.o
          0          0          0          0          0   csi_pid_init_f32.o
          0          0          0          0          0   csi_pid_init_q15.o
          0          0          0          0          0   csi_pid_init_q31.o
          0          0          0          0          0   csi_pid_reset_f32.o
          0          0          0          0          0   csi_pid_reset_q15.o
          0          0          0          0          0   csi_pid_reset_q31.o
          0          0          0          0          0   csi_sin_cos_f32.o
          0          0          0          0          0   csi_xt800p_sin_cos_q31.o
          0          0          0          0          0   csi_cos_f32.o
          0          0          0          0          0   csi_sin_f32.o
          0          0          0          0          0   csi_sqrt_f32.o
          0          0          0          0          0   csi_cos_q15.o
          0          0          0          0          0   csi_sin_q15.o
          0          0          0          0          0   csi_sqrt_q15.o
          0          0          0          0          0   csi_sqrt_q31.o
          0          0          0          0          0   csi_xt800p_cos_q31.o
          0          0          0          0          0   csi_xt800p_sin_q31.o
          0          0          0          0          0   csi_biquad_cascade_df1_f32.o
          0          0          0          0          0   csi_biquad_cascade_df2T_f32.o
          0          0          0          0          0   csi_biquad_cascade_df2T_f64.o
          0          0          0          0          0   csi_biquad_cascade_stereo_df2T_f32.o
          0          0          0          0          0   csi_biquad_cascade_stereo_df2T_init_f32.o
          0          0          0          0          0   csi_conv_f32.o
          0          0          0          0          0   csi_conv_partial_f32.o
          0          0          0          0          0   csi_correlate_f32.o
          0          0          0          0          0   csi_fir_decimate_f32.o
          0          0          0          0          0   csi_fir_init_f32.o
          0          0          0          0          0   csi_fir_interpolate_f32.o
          0          0          0          0          0   csi_fir_lattice_f32.o
          0          0          0          0          0   csi_fir_sparse_f32.o
          0          0          0          0          0   csi_iir_lattice_f32.o
          0          0          0          0          0   csi_lms_f32.o
          0          0          0          0          0   csi_lms_norm_f32.o
          0          0          0          0          0   csi_biquad_cascade_df2T_init_f32.o
          0          0          0          0          0   csi_biquad_cascade_df2T_init_f64.o
          0          0          0          0          0   csi_biquad_cascade_df1_32x64_init_q31.o
          0          0          0          0          0   csi_biquad_cascade_df1_init_f32.o
          0          0          0          0          0   csi_biquad_cascade_df1_init_q15.o
          0          0          0          0          0   csi_biquad_cascade_df1_init_q31.o
          0          0          0          0          0   csi_fir_decimate_init_f32.o
          0          0          0          0          0   csi_fir_decimate_init_q15.o
          0          0          0          0          0   csi_fir_decimate_init_q31.o
          0          0          0          0          0   csi_fir_f32.o
          0          0          0          0          0   csi_fir_init_q15.o
          0          0          0          0          0   csi_fir_init_q31.o
          0          0          0          0          0   csi_fir_init_q7.o
          0          0          0          0          0   csi_fir_interpolate_init_f32.o
          0          0          0          0          0   csi_fir_interpolate_init_q15.o
          0          0          0          0          0   csi_fir_interpolate_init_q31.o
          0          0          0          0          0   csi_fir_lattice_init_f32.o
          0          0          0          0          0   csi_fir_lattice_init_q15.o
          0          0          0          0          0   csi_fir_lattice_init_q31.o
          0          0          0          0          0   csi_fir_sparse_init_f32.o
          0          0          0          0          0   csi_fir_sparse_init_q15.o
          0          0          0          0          0   csi_fir_sparse_init_q31.o
          0          0          0          0          0   csi_fir_sparse_init_q7.o
          0          0          0          0          0   csi_iir_lattice_init_f32.o
          0          0          0          0          0   csi_iir_lattice_init_q15.o
          0          0          0          0          0   csi_iir_lattice_init_q31.o
          0          0          0          0          0   csi_lms_init_f32.o
          0          0          0          0          0   csi_lms_init_q15.o
          0          0          0          0          0   csi_lms_init_q31.o
          0          0          0          0          0   csi_lms_norm_init_f32.o
          0          0          0          0          0   csi_lms_norm_init_q15.o
          0          0          0          0          0   csi_lms_norm_init_q31.o
          0          0          0          0          0   csi_xt800p_biquad_cascade_df1_32x64_q31.o
          0          0          0          0          0   csi_xt800p_biquad_cascade_df1_fast_q15.o
          0          0          0          0          0   csi_xt800p_biquad_cascade_df1_fast_q31.o
          0          0          0          0          0   csi_xt800p_biquad_cascade_df1_q15.o
          0          0          0          0          0   csi_xt800p_biquad_cascade_df1_q31.o
          0          0          0          0          0   csi_xt800p_conv_fast_opt_q15.o
          0          0          0          0          0   csi_xt800p_conv_fast_q15.o
          0          0          0          0          0   csi_xt800p_conv_fast_q31.o
          0          0          0          0          0   csi_xt800p_conv_opt_q15.o
          0          0          0          0          0   csi_xt800p_conv_opt_q7.o
          0          0          0          0          0   csi_xt800p_conv_partial_fast_opt_q15.o
          0          0          0          0          0   csi_xt800p_conv_partial_fast_q15.o
          0          0          0          0          0   csi_xt800p_conv_partial_fast_q31.o
          0          0          0          0          0   csi_xt800p_conv_partial_opt_q15.o
          0          0          0          0          0   csi_xt800p_conv_partial_opt_q7.o
          0          0          0          0          0   csi_xt800p_conv_partial_q15.o
          0          0          0          0          0   csi_xt800p_conv_partial_q31.o
          0          0          0          0          0   csi_xt800p_conv_partial_q7.o
          0          0          0          0          0   csi_xt800p_conv_q15.o
          0          0          0          0          0   csi_xt800p_conv_q31.o
          0          0          0          0          0   csi_xt800p_conv_q7.o
          0          0          0          0          0   csi_xt800p_correlate_fast_opt_q15.o
          0          0          0          0          0   csi_xt800p_correlate_fast_q15.o
          0          0          0          0          0   csi_xt800p_correlate_fast_q31.o
          0          0          0          0          0   csi_xt800p_correlate_opt_q15.o
          0          0          0          0          0   csi_xt800p_correlate_opt_q7.o
          0          0          0          0          0   csi_xt800p_correlate_q15.o
          0          0          0          0          0   csi_xt800p_correlate_q31.o
          0          0          0          0          0   csi_xt800p_correlate_q7.o
          0          0          0          0          0   csi_xt800p_fir_decimate_fast_q15.o
          0          0          0          0          0   csi_xt800p_fir_decimate_fast_q31.o
          0          0          0          0          0   csi_xt800p_fir_decimate_q15.o
          0          0          0          0          0   csi_xt800p_fir_decimate_q31.o
          0          0          0          0          0   csi_xt800p_fir_fast_q15.o
          0          0          0          0          0   csi_xt800p_fir_fast_q31.o
          0          0          0          0          0   csi_xt800p_fir_interpolate_q15.o
          0          0          0          0          0   csi_xt800p_fir_interpolate_q31.o
          0          0          0          0          0   csi_xt800p_fir_lattice_q15.o
          0          0          0          0          0   csi_xt800p_fir_lattice_q31.o
          0          0          0          0          0   csi_xt800p_fir_q15.o
          0          0          0          0          0   csi_xt800p_fir_q31.o
          0          0          0          0          0   csi_xt800p_fir_q7.o
          0          0          0          0          0   csi_xt800p_fir_sparse_q15.o
          0          0          0          0          0   csi_xt800p_fir_sparse_q31.o
          0          0          0          0          0   csi_xt800p_fir_sparse_q7.o
          0          0          0          0          0   csi_xt800p_iir_lattice_q15.o
          0          0          0          0          0   csi_xt800p_iir_lattice_q31.o
          0          0          0          0          0   csi_xt800p_lms_norm_q15.o
          0          0          0          0          0   csi_xt800p_lms_norm_q31.o
          0          0          0          0          0   csi_xt800p_lms_q15.o
          0          0          0          0          0   csi_xt800p_lms_q31.o
          0          0          0          0          0   csi_mat_add_f32.o
          0          0          0          0          0   csi_mat_cmplx_mult_f32.o
          0          0          0          0          0   csi_mat_init_f32.o
          0          0          0          0          0   csi_mat_init_q15.o
          0          0          0          0          0   csi_mat_init_q31.o
          0          0          0          0          0   csi_mat_inverse_f32.o
          0          0          0          0          0   csi_mat_inverse_f64.o
          0          0          0          0          0   csi_mat_mult_f32.o
          0          0          0          0          0   csi_mat_scale_f32.o
          0          0          0          0          0   csi_mat_sub_f32.o
          0          0          0          0          0   csi_mat_trans_f32.o
          0          0          0          0          0   csi_xt800p_mat_add_q15.o
          0          0          0          0          0   csi_xt800p_mat_add_q31.o
          0          0          0          0          0   csi_xt800p_mat_cmplx_mult_q15.o
          0          0          0          0          0   csi_xt800p_mat_cmplx_mult_q31.o
          0          0          0          0          0   csi_xt800p_mat_mult_fast_q15.o
          0          0          0          0          0   csi_xt800p_mat_mult_fast_q31.o
          0          0          0          0          0   csi_xt800p_mat_mult_q15.o
          0          0          0          0          0   csi_xt800p_mat_mult_q31.o
          0          0          0          0          0   csi_xt800p_mat_scale_q15.o
          0          0          0          0          0   csi_xt800p_mat_scale_q31.o
          0          0          0          0          0   csi_xt800p_mat_sub_q15.o
          0          0          0          0          0   csi_xt800p_mat_sub_q31.o
          0          0          0          0          0   csi_xt800p_mat_trans_q15.o
          0          0          0          0          0   csi_xt800p_mat_trans_q31.o
          0          0          0          0          0   csi_max_f32.o
          0          0          0          0          0   csi_mean_f32.o
          0          0          0          0          0   csi_min_f32.o
          0          0          0          0          0   csi_power_f32.o
          0          0          0          0          0   csi_rms_f32.o
          0          0          0          0          0   csi_std_f32.o
          0          0          0          0          0   csi_var_f32.o
          0          0          0          0          0   csi_xt800p_max_q15.o
          0          0          0          0          0   csi_xt800p_max_q31.o
          0          0          0          0          0   csi_xt800p_max_q7.o
          0          0          0          0          0   csi_xt800p_mean_q15.o
          0          0          0          0          0   csi_xt800p_mean_q31.o
          0          0          0          0          0   csi_xt800p_mean_q7.o
          0          0          0          0          0   csi_xt800p_min_q15.o
          0          0          0          0          0   csi_xt800p_min_q31.o
          0          0          0          0          0   csi_xt800p_min_q7.o
          0          0          0          0          0   csi_xt800p_power_q15.o
          0          0          0          0          0   csi_xt800p_power_q31.o
          0          0          0          0          0   csi_xt800p_power_int32.o
          0          0          0          0          0   csi_xt800p_power_q7.o
          0          0          0          0          0   csi_xt800p_rms_q15.o
          0          0          0          0          0   csi_xt800p_rms_q31.o
          0          0          0          0          0   csi_xt800p_std_q15.o
          0          0          0          0          0   csi_xt800p_std_q31.o
          0          0          0          0          0   csi_xt800p_var_q15.o
          0          0          0          0          0   csi_xt800p_var_q31.o
          0          0          0          0          0   csi_copy_f32.o
          0          0          0          0          0   csi_fill_f32.o
          0          0          0          0          0   csi_float_to_q15.o
          0          0          0          0          0   csi_float_to_q31.o
          0          0          0          0          0   csi_float_to_q7.o
          0          0          0          0          0   csi_q15_to_float.o
          0          0          0          0          0   csi_q31_to_float.o
          0          0          0          0          0   csi_q7_to_float.o
          0          0          0          0          0   csi_xt800p_copy_q15.o
          0          0          0          0          0   csi_xt800p_copy_q31.o
          0          0          0          0          0   csi_xt800p_copy_q7.o
          0          0          0          0          0   csi_xt800p_fill_q15.o
          0          0          0          0          0   csi_xt800p_fill_q31.o
          0          0          0          0          0   csi_xt800p_fill_q7.o
          0          0          0          0          0   csi_xt800p_q15_to_q31.o
          0          0          0          0          0   csi_xt800p_q15_to_q7.o
          0          0          0          0          0   csi_xt800p_q31_to_q15.o
          0          0          0          0          0   csi_xt800p_q31_to_q7.o
          0          0          0          0          0   csi_xt800p_q7_to_q15.o
          0          0          0          0          0   csi_xt800p_q7_to_q31.o
          0          0          0          0          0   csi_cfft_f32.o
          0          0          0          0          0   csi_cfft_radix2_f32.o
          0          0          0          0          0   csi_cfft_radix2_init_f32.o
          0          0          0          0          0   csi_cfft_radix2_init_q15.o
          0          0          0          0          0   csi_cfft_radix2_init_q31.o
          0          0          0          0          0   csi_cfft_radix2_q15.o
          0          0          0          0          0   csi_cfft_radix2_q31.o
          0          0          0          0          0   csi_cfft_radix4_f32.o
          0          0          0          0          0   csi_cfft_radix4_init_f32.o
          0          0          0          0          0   csi_cfft_radix4_init_q15.o
          0          0          0          0          0   csi_cfft_radix4_init_q31.o
          0          0          0          0          0   csi_cfft_radix4_q15.o
          0          0          0          0          0   csi_cfft_radix4_q31.o
          0          0          0          0          0   csi_radix8_butterfly_f32.o
          0          0          0          0          0   csi_dct4_f32.o
          0          0          0          0          0   csi_dct4_init_f32.o
          0          0          0          0          0   csi_dct4_init_q15.o
          0          0          0          0          0   csi_dct4_init_q31.o
          0          0          0          0          0   csi_rfft_f32.o
          0          0          0          0          0   csi_rfft_fast_f32.o
          0          0          0          0          0   csi_rfft_fast_init_f32.o
          0          0          0          0          0   csi_rfft_init_f32.o
          0          0          0          0          0   csi_rfft_init_q15.o
          0          0          0          0          0   csi_rfft_init_q31.o
          0          0          0          0          0   csi_bitreversal.o
          0          0          0          0          0   csi_bitreversal2.o
          0          0          0          0          0   csi_xt800p_cfft_split_q31.o
          0          0          0          0          0   csi_xt800p_rfft_split_q31.o
          0          0          0          0          0   csi_xt800p_rfft_split_q15.o
          0          0          0          0          0   csi_xt800p_cfft_split_q15.o
          0          0          0          0          0   csi_xt800p_cfft_q15.o
          0          0          0          0          0   csi_xt800p_cfft_q31.o
          0          0          0          0          0   csi_xt800p_cfft_radix4_q15.o
          0          0          0          0          0   csi_xt800p_cfft_radix4_q31.o
          0          0          0          0          0   csi_xt800p_dct4_q15.o
          0          0          0          0          0   csi_xt800p_dct4_q31.o
          0          0          0          0          0   csi_xt800p_rfft_q15.o
          0          0          0          0          0   csi_xt800p_rfft_q31.o
	------------------------------------------------------------
          0          0          0          0          0   Library Totals
          0          0          0          0          0   Pad
          0          0          0          0          0   LD_GEN

	------------------------------------------------------------
    [Library Name]: ../../../../W800/wm_iot_sdk_v2.4-rc/wm_iot_sdk/components/wm_soc/w80x/lib/libcsi_dsp2_nn.a
	------------------------------------------------------------
       Code    RO Data    RW Data    ZI Data      Debug   Library Member Name

          0          0          0          0          0   csi_xt800p_nn_activations_q15.o
          0          0          0          0          0   csi_xt800p_nn_activations_q7.o
          0          0          0          0          0   csi_xt800p_relu_q15.o
          0          0          0          0          0   csi_xt800p_relu_q7.o
          0          0          0          0          0   csi_xt800p_convolve_1x1_HWC_q7_fast.o
          0          0          0          0          0   csi_xt800p_convolve_HWC_q15_basic.o
          0          0          0          0          0   csi_xt800p_convolve_HWC_q7_RGB.o
          0          0          0          0          0   csi_xt800p_convolve_HWC_q7_basic.o
          0          0          0          0          0   csi_xt800p_depthwise_separable_conv_HWC_q7.o
          0          0          0          0          0   csi_xt800p_fully_connected_mat_q7_vec_q15.o
          0          0          0          0          0   csi_xt800p_fully_connected_q15.o
          0          0          0          0          0   csi_xt800p_fully_connected_q7.o
          0          0          0          0          0   csi_xt800p_nntables.o
          0          0          0          0          0   csi_xt800p_pool_q7_HWC.o
          0          0          0          0          0   csi_xt800p_softmax_q15.o
          0          0          0          0          0   csi_xt800p_softmax_q7.o
	------------------------------------------------------------
          0          0          0          0          0   Library Totals
          0          0          0          0          0   Pad
          0          0          0          0          0   LD_GEN

	------------------------------------------------------------
    [Library Name]: components/xt804/libxt804.a
	------------------------------------------------------------
       Code    RO Data    RW Data    ZI Data      Debug   Library Member Name

        136          0          0        256      23793   isr.c.obj
        198          0        256          0      49185   cpu_init.c.obj
        358         61          0          0      75371   libc_port.c.obj
        312        487          0          0      21775   trap_c.c.obj
        144          0          0       4096        392   startup.S.obj
         80          0          0        516        364   vectors.S.obj
	------------------------------------------------------------
       1228        548        256       4868     170880   Library Totals
          0          0          0          0          0   Pad
          0          0          0          0          0   LD_GEN

	------------------------------------------------------------
    [Library Name]: components/wm_system/libwm_system.a
	------------------------------------------------------------
       Code    RO Data    RW Data    ZI Data      Debug   Library Member Name

        766         81          0          0      93854   wm_osal.c.obj
        568        179          0          0      95340   wm_system.c.obj
	------------------------------------------------------------
       1334        260          0          0     189194   Library Totals
          0          0          0          0          0   Pad
          0          0          0          0          0   LD_GEN

	------------------------------------------------------------
    [Library Name]: components/wm_soc/libwm_soc.a
	------------------------------------------------------------
       Code    RO Data    RW Data    ZI Data      Debug   Library Member Name

          0        222          0          0      26373   wm_gpio_map.c.obj
          0          5        132          0      21921   wm_memory_layout.c.obj
        260          6          0          4      39990   wm_printf_port.c.obj
        180         13          0          0      71907   wm_soc_init.c.obj
	------------------------------------------------------------
        440        246        132          4     160191   Library Totals
          0          0          0          0          0   Pad
          0          0          0          0          0   LD_GEN

	------------------------------------------------------------
    [Library Name]: ../../../../W800/wm_iot_sdk_v2.4-rc/wm_iot_sdk/components/wm_soc/w80x/lib/librf.a
	------------------------------------------------------------
       Code    RO Data    RW Data    ZI Data      Debug   Library Member Name

       1982         91        164        248     128420   tls_wl_rf.c.obj
       5220        399        120         16     101840   tx_lo_cal.c.obj
        382       2048          0          8      18362   tls_rf_fft.c.obj
          0          0          0          0          0   tls_rf_tx_iq.c.obj
          0          0          0          0          0   rx_iq_mismatch.c.obj
	------------------------------------------------------------
       7584       2538        284        272     248622   Library Totals
          0          0          0          0          0   Pad
          0          0          0          0          0   LD_GEN

	------------------------------------------------------------
    [Library Name]: components/wm_log/libwm_log.a
	------------------------------------------------------------
       Code    RO Data    RW Data    ZI Data      Debug   Library Member Name

         84          0          5          0      51118   wm_log.c.obj
	------------------------------------------------------------
         84          0          5          0      51118   Library Totals
          0          0          0          0          0   Pad
          0          0          0          0          0   LD_GEN

	------------------------------------------------------------
    [Library Name]: components/wm_heap/libwm_heap.a
	------------------------------------------------------------
       Code    RO Data    RW Data    ZI Data      Debug   Library Member Name

        952        325          0         44      64717   wm_heap.c.obj
	------------------------------------------------------------
        952        325          0         44      64717   Library Totals
          0          0          0          0          0   Pad
          0          0          0          0          0   LD_GEN

	------------------------------------------------------------
    [Library Name]: components/wm_hal/libwm_hal.a
	------------------------------------------------------------
       Code    RO Data    RW Data    ZI Data      Debug   Library Member Name

       2038        180          0          0      46685   wm_ll_pwm.c.obj
        548        324          4          0      43852   wm_hal_irq.c.obj
       3026          0          1         25      93189   wm_hal_uart.c.obj
       4326         24          0          0      86619   wm_hal_pwm.c.obj
        434          0          0          0      45348   wm_hal_rtc.c.obj
        860        182          0          0      47941   wm_hal_pmu.c.obj
       1676        155          0          1      67512   wm_hal_gpio.c.obj
        430          0          0          0      40392   wm_hal_wdt.c.obj
       1760        691         32        188      81434   wm_hal_dma.c.obj
        678         72          0          0      39370   wm_hal_rcc.c.obj
       1522        563          0          0      75749   wm_hal_flash.c.obj
        480        106          0          0      65396   wm_hal_crc.c.obj
        464         96          0          0      67065   wm_hal_hash.c.obj
        592        112          0          0      66118   wm_hal_rng.c.obj
	------------------------------------------------------------
      18834       2505         37        214     866670   Library Totals
          0          0          0          0          0   Pad
          0          0          0          0          0   LD_GEN

	------------------------------------------------------------
    [Library Name]: components/wm_ft_param/libwm_ft_param.a
	------------------------------------------------------------
       Code    RO Data    RW Data    ZI Data      Debug   Library Member Name

       1274        384          4        224      70473   wm_ft_param.c.obj
	------------------------------------------------------------
       1274        384          4        224      70473   Library Totals
          0          0          0          0          0   Pad
          0          0          0          0          0   LD_GEN

	------------------------------------------------------------
    [Library Name]: components/wm_dt/libwm_dt.a
	------------------------------------------------------------
       Code    RO Data    RW Data    ZI Data      Debug   Library Member Name

       1662        413          8         16      68586   wm_dt.c.obj
          0        575         12          0      32428   wm_dt_hw.c.obj
	------------------------------------------------------------
       1662        988         20         16     101014   Library Totals
          0          0          0          0          0   Pad
          0          0          0          0          0   LD_GEN

	------------------------------------------------------------
    [Library Name]: components/wm_debug/libwm_debug.a
	------------------------------------------------------------
       Code    RO Data    RW Data    ZI Data      Debug   Library Member Name

        212         15          0          0      70914   wm_debug.c.obj
	------------------------------------------------------------
        212         15          0          0      70914   Library Totals
          0          0          0          0          0   Pad
          0          0          0          0          0   LD_GEN

	------------------------------------------------------------
    [Library Name]: components/wm_common/libwm_common.a
	------------------------------------------------------------
       Code    RO Data    RW Data    ZI Data      Debug   Library Member Name

          0          0          0          0          0   getopt.c.obj
         48          0          0          0      67247   wm_utils.c.obj
	------------------------------------------------------------
         48          0          0          0      67247   Library Totals
          0          0          0          0          0   Pad
          0          0          0          0          0   LD_GEN

	------------------------------------------------------------
    [Library Name]: components/partition_table/libpartition_table.a
	------------------------------------------------------------
       Code    RO Data    RW Data    ZI Data      Debug   Library Member Name

        636        337          0          9      67445   wm_partition_table.c.obj
	------------------------------------------------------------
        636        337          0          9      67445   Library Totals
          0          0          0          0          0   Pad
          0          0          0          0          0   LD_GEN

	------------------------------------------------------------
    [Library Name]: components/freertos/libfreertos.a
	------------------------------------------------------------
       Code    RO Data    RW Data    ZI Data      Debug   Library Member Name

          0          0          0          0          0   croutine.c.obj
          0          0          0          0          0   event_groups.c.obj
        134          0          0          0      50184   list.c.obj
       2720       1366          0          0      76152   queue.c.obj
          0          0          0          0          0   stream_buffer.c.obj
       3108        822          0        476      89238   tasks.c.obj
       1040        328          0       2188      69967   timers.c.obj
        698         31          4       3288      66847   port.c.obj
        160          0          0          0        422   cpu_task_sw.S.obj
	------------------------------------------------------------
       7860       2547          4       5952     352810   Library Totals
          0          0          0          0          0   Pad
          0          0          0          0          0   LD_GEN

	------------------------------------------------------------
    [Library Name]: components/driver/libdriver.a
	------------------------------------------------------------
       Code    RO Data    RW Data    ZI Data      Debug   Library Member Name

         16          0          0          0      39671   wm_drv_irq.c.obj
       3608         80          0          0     127624   wm_drv_uart.c.obj
       1746        299         24          0      97943   wm_drv_pwm.c.obj
       2530        619          0          0      83051   wm_drv_rtc.c.obj
       1558        417          0          0      72787   wm_drv_pmu.c.obj
       1984        360          0          8      76792   wm_drv_gpio.c.obj
       1196        293          0          0      69110   wm_drv_wdt.c.obj
       1590        250        140        224      87524   wm_drv_dma.c.obj
       1376        361          0        204      78036   wm_drv_rcc.c.obj
       2310        608          0          0      76363   wm_drv_flash.c.obj
       1006        211          0          0      75827   wm_drv_crc.c.obj
       1940        381          0          4      80480   wm_drv_hash.c.obj
        992        187          0          0      74626   wm_drv_rng.c.obj
	------------------------------------------------------------
      21852       4066        164        440    1039834   Library Totals
          0          0          0          0          0   Pad
          0          0          0          0          0   LD_GEN

	------------------------------------------------------------
    [Library Name]: d:/winnermicro/wmclics/toolchain/csky-elfabiv2-tools/bin/../lib/gcc/csky-elfabiv2/6.3.0/ck803/hard-fp\libgcc.a
	------------------------------------------------------------
       Code    RO Data    RW Data    ZI Data      Debug   Library Member Name

          0          0          0          0          0   _fixunsdfsi.o
          0          0          0          0          0   _fixsfdi.o
          0          0          0          0          0   _fixunssfdi.o
          0          0          0          0          0   _floatdidf.o
        864          0          0          0          0   _divdi3.o
         42          0          0          0          0   _sf_to_df.o
        816          0          0          0          0   _addsub_df.o
        512          0          0          0          0   _mul_df.o
        280          0          0          0          0   _div_df.o
         56          0          0          0          0   _eq_df.o
          0          0          0          0          0   _ne_df.o
         64          0          0          0          0   _gt_df.o
          0          0          0          0          0   _ge_df.o
        104          0          0          0          0   _si_to_df.o
        112          0          0          0          0   _df_to_si.o
         46          0          0          0          0   _make_df.o
         52          0          0          0          0   _df_to_sf.o
          0         20          0          0          0   _thenan_df.o
         86          0          0          0          0   _usi_to_df.o
         74          0          0          0          0   _muldi3.o
          0        256          0          0          0   _clz.o
        124          0          0          0          0   _unpack_sf.o
         22          0          0          0          0   _make_sf.o
        398          0          0          0          0   _pack_df.o
        228          0          0          0          0   _unpack_df.o
        194          0          0          0          0   _fpcmp_parts_df.o
        192          0          0          0          0   _pack_sf.o
        820          0          0          0          0   _udivdi3.o
        804          0          0          0          0   _umoddi3.o
	------------------------------------------------------------
       5890        276          0          0          0   Library Totals
          0          0          0          0          0   Pad
          0          0          0          0          0   LD_GEN

	------------------------------------------------------------
    [Library Name]: d:/winnermicro/wmclics/toolchain/csky-elfabiv2-tools/bin/../lib/gcc/csky-elfabiv2/6.3.0/../../../../csky-elfabiv2/lib/ck803/hard-fp\libc.a
	------------------------------------------------------------
       Code    RO Data    RW Data    ZI Data      Debug   Library Member Name

          0          0          0          0          0   isprint.o
          0          0          0          0          0   isxdigit_fast.o
          0          0          0          0          0   tolower.o
         20          0          0          0          0   isspace.o
          0          0          0          0          0   sprintf_required.o
          0          0          0          0          0   stdinit.o
        172          0          0          0          0   vsnprintf_required.o
         40          0          4          0          0   rand.o
        288          0          0          0          0   strtol.o
         80          0          0          0          0   qsort.o
         12          0          0          0          0   atoi.o
        214          0          0          0          0   strcmp_fast.o
        160          0          0          0          0   memset_fast.o
         62          0          0          0          0   strlen_fast.o
          0          0          0          0          0   memmove_fast.o
        202          0          0          0          0   strcpy_fast.o
         42          0          0          0          0   strstr.o
        126          0          0          0          0   memcpy_fast.o
         18          0          0          0          0   strchr.o
          0          0          0          0          0   strncpy.o
        330          0          0          0          0   memcmp_fast.o
          8          0          0          0          0   isdigit.o
          0          0          0          0          0   __cytpe.o
          8          0          0          0          0   isupper.o
         18          0          0          0          0   isalpha.o
          0          0          0          8          0   minilibc_init.o
          0          0          0          0          0   critical.o
          0          0          0          0          0   vsprintf_required.o
       1884         66          0          0          0   __v2_printfDFHLlMOPpSSsWp.o
       1058          0          0          0          0   __dtostr.o
         42          0          0          0          0   __isnan.o
         28       2624          0          0          0   strerror.o
         42          0          0          0          0   __isinf.o
	------------------------------------------------------------
       4854       2690          4          8          0   Library Totals
          0          0          0          0          0   Pad
          0          0          0          0          0   LD_GEN

	------------------------------------------------------------
    [Library Name]: d:/winnermicro/wmclics/toolchain/csky-elfabiv2-tools/bin/../lib/gcc/csky-elfabiv2/6.3.0/ck803/hard-fp\libgcc.a
	------------------------------------------------------------
       Code    RO Data    RW Data    ZI Data      Debug   Library Member Name

         56          0          0          0          0   _lt_df.o
	------------------------------------------------------------
         56          0          0          0          0   Library Totals
          0          0          0          0          0   Pad
          0          0          0          0          0   LD_GEN

	------------------------------------------------------------

======================================================================


       Code    RO Data    RW Data    ZI Data      Debug
      76180      18217        924      12092    3746711   Grand Totals
      76180      18217        924      12092    3746711   Elf Image Totals
      76180      18217        924          0          0   ROM Totals

======================================================================

Total	RO	Size (Code + RO Data)				94397 (  92.18kB)
Total	RW	Size (RW Data + ZI Data)			13016 (  12.71kB)
Total	ROM	Size (Code + RO Data + RW Data)		95321 (  93.09kB)

======================================================================
